Archive member included to satisfy reference by file (symbol)

e:/mounriver/mounriver_studio2/resources/app/resources/win32/components/wch/toolchain/risc-v embedded gcc12/bin/../lib/gcc/riscv-wch-elf/12.2.0/../../../../riscv-wch-elf/lib/rv32imac_xw/ilp32\libg_nano.a(lib_a-memcpy-asm.o)
                              ./User/ch32x035_usbfs_device.o (memcpy)
e:/mounriver/mounriver_studio2/resources/app/resources/win32/components/wch/toolchain/risc-v embedded gcc12/bin/../lib/gcc/riscv-wch-elf/12.2.0/../../../../riscv-wch-elf/lib/rv32imac_xw/ilp32\libg_nano.a(lib_a-printf.o)
                              ./User/main.o (printf)
e:/mounriver/mounriver_studio2/resources/app/resources/win32/components/wch/toolchain/risc-v embedded gcc12/bin/../lib/gcc/riscv-wch-elf/12.2.0/../../../../riscv-wch-elf/lib/rv32imac_xw/ilp32\libg_nano.a(lib_a-puts.o)
                              ./User/main.o (puts)
e:/mounriver/mounriver_studio2/resources/app/resources/win32/components/wch/toolchain/risc-v embedded gcc12/bin/../lib/gcc/riscv-wch-elf/12.2.0/../../../../riscv-wch-elf/lib/rv32imac_xw/ilp32\libg_nano.a(lib_a-strcmp.o)
                              ./User/usbd_compostie_km.o (strcmp)
e:/mounriver/mounriver_studio2/resources/app/resources/win32/components/wch/toolchain/risc-v embedded gcc12/bin/../lib/gcc/riscv-wch-elf/12.2.0/../../../../riscv-wch-elf/lib/rv32imac_xw/ilp32\libg_nano.a(lib_a-wbuf.o)
                              e:/mounriver/mounriver_studio2/resources/app/resources/win32/components/wch/toolchain/risc-v embedded gcc12/bin/../lib/gcc/riscv-wch-elf/12.2.0/../../../../riscv-wch-elf/lib/rv32imac_xw/ilp32\libg_nano.a(lib_a-puts.o) (__swbuf_r)
e:/mounriver/mounriver_studio2/resources/app/resources/win32/components/wch/toolchain/risc-v embedded gcc12/bin/../lib/gcc/riscv-wch-elf/12.2.0/../../../../riscv-wch-elf/lib/rv32imac_xw/ilp32\libg_nano.a(lib_a-wsetup.o)
                              e:/mounriver/mounriver_studio2/resources/app/resources/win32/components/wch/toolchain/risc-v embedded gcc12/bin/../lib/gcc/riscv-wch-elf/12.2.0/../../../../riscv-wch-elf/lib/rv32imac_xw/ilp32\libg_nano.a(lib_a-puts.o) (__swsetup_r)
e:/mounriver/mounriver_studio2/resources/app/resources/win32/components/wch/toolchain/risc-v embedded gcc12/bin/../lib/gcc/riscv-wch-elf/12.2.0/../../../../riscv-wch-elf/lib/rv32imac_xw/ilp32\libg_nano.a(lib_a-fflush.o)
                              e:/mounriver/mounriver_studio2/resources/app/resources/win32/components/wch/toolchain/risc-v embedded gcc12/bin/../lib/gcc/riscv-wch-elf/12.2.0/../../../../riscv-wch-elf/lib/rv32imac_xw/ilp32\libg_nano.a(lib_a-wbuf.o) (_fflush_r)
e:/mounriver/mounriver_studio2/resources/app/resources/win32/components/wch/toolchain/risc-v embedded gcc12/bin/../lib/gcc/riscv-wch-elf/12.2.0/../../../../riscv-wch-elf/lib/rv32imac_xw/ilp32\libg_nano.a(lib_a-findfp.o)
                              e:/mounriver/mounriver_studio2/resources/app/resources/win32/components/wch/toolchain/risc-v embedded gcc12/bin/../lib/gcc/riscv-wch-elf/12.2.0/../../../../riscv-wch-elf/lib/rv32imac_xw/ilp32\libg_nano.a(lib_a-printf.o) (__sinit)
e:/mounriver/mounriver_studio2/resources/app/resources/win32/components/wch/toolchain/risc-v embedded gcc12/bin/../lib/gcc/riscv-wch-elf/12.2.0/../../../../riscv-wch-elf/lib/rv32imac_xw/ilp32\libg_nano.a(lib_a-fwalk.o)
                              e:/mounriver/mounriver_studio2/resources/app/resources/win32/components/wch/toolchain/risc-v embedded gcc12/bin/../lib/gcc/riscv-wch-elf/12.2.0/../../../../riscv-wch-elf/lib/rv32imac_xw/ilp32\libg_nano.a(lib_a-findfp.o) (_fwalk)
e:/mounriver/mounriver_studio2/resources/app/resources/win32/components/wch/toolchain/risc-v embedded gcc12/bin/../lib/gcc/riscv-wch-elf/12.2.0/../../../../riscv-wch-elf/lib/rv32imac_xw/ilp32\libg_nano.a(lib_a-impure.o)
                              e:/mounriver/mounriver_studio2/resources/app/resources/win32/components/wch/toolchain/risc-v embedded gcc12/bin/../lib/gcc/riscv-wch-elf/12.2.0/../../../../riscv-wch-elf/lib/rv32imac_xw/ilp32\libg_nano.a(lib_a-fflush.o) (_global_impure_ptr)
e:/mounriver/mounriver_studio2/resources/app/resources/win32/components/wch/toolchain/risc-v embedded gcc12/bin/../lib/gcc/riscv-wch-elf/12.2.0/../../../../riscv-wch-elf/lib/rv32imac_xw/ilp32\libg_nano.a(lib_a-lock.o)
                              e:/mounriver/mounriver_studio2/resources/app/resources/win32/components/wch/toolchain/risc-v embedded gcc12/bin/../lib/gcc/riscv-wch-elf/12.2.0/../../../../riscv-wch-elf/lib/rv32imac_xw/ilp32\libg_nano.a(lib_a-findfp.o) (__retarget_lock_init_recursive)
e:/mounriver/mounriver_studio2/resources/app/resources/win32/components/wch/toolchain/risc-v embedded gcc12/bin/../lib/gcc/riscv-wch-elf/12.2.0/../../../../riscv-wch-elf/lib/rv32imac_xw/ilp32\libg_nano.a(lib_a-makebuf.o)
[...]
Memory Configuration

Name             Origin             Length             Attributes
FLASH            0x0000000000000000 0x000000000000f800 xr
RAM              0x0000000020000000 0x0000000000005000 xrw
*default*        0x0000000000000000 0xffffffffffffffff

Linker script and memory map

LOAD ./User/button.o
LOAD ./User/ch32x035_it.o
LOAD ./User/ch32x035_usbfs_device.o
LOAD ./User/main.o
LOAD ./User/system_ch32x035.o
LOAD ./User/usb_desc.o
LOAD ./User/usbd_compostie_km.o
LOAD ./Startup/startup_ch32x035.o
LOAD ./Peripheral/src/ch32x035_adc.o
LOAD ./Peripheral/src/ch32x035_awu.o
LOAD ./Peripheral/src/ch32x035_dbgmcu.o
LOAD ./Peripheral/src/ch32x035_dma.o
LOAD ./Peripheral/src/ch32x035_exti.o
LOAD ./Peripheral/src/ch32x035_flash.o
LOAD ./Peripheral/src/ch32x035_gpio.o
LOAD ./Peripheral/src/ch32x035_i2c.o
LOAD ./Peripheral/src/ch32x035_iwdg.o
LOAD ./Peripheral/src/ch32x035_misc.o
LOAD ./Peripheral/src/ch32x035_opa.o
LOAD ./Peripheral/src/ch32x035_pwr.o
LOAD ./Peripheral/src/ch32x035_rcc.o
LOAD ./Peripheral/src/ch32x035_spi.o
LOAD ./Peripheral/src/ch32x035_tim.o
LOAD ./Peripheral/src/ch32x035_usart.o
LOAD ./Peripheral/src/ch32x035_wwdg.o
LOAD ./Debug/debug.o
LOAD ./Core/core_riscv.o
LOAD e:/mounriver/mounriver_studio2/resources/app/resources/win32/components/wch/toolchain/risc-v embedded gcc12/bin/../lib/gcc/riscv-wch-elf/12.2.0/rv32imac_xw/ilp32\libgcc.a
LOAD e:/mounriver/mounriver_studio2/resources/app/resources/win32/components/wch/toolchain/risc-v embedded gcc12/bin/../lib/gcc/riscv-wch-elf/12.2.0/../../../../riscv-wch-elf/lib/rv32imac_xw/ilp32\libg_nano.a
LOAD e:/mounriver/mounriver_studio2/resources/app/resources/win32/components/wch/toolchain/risc-v embedded gcc12/bin/../lib/gcc/riscv-wch-elf/12.2.0/../../../../riscv-wch-elf/lib/rv32imac_xw/ilp32\libc_nano.a
LOAD e:/mounriver/mounriver_studio2/resources/app/resources/win32/components/wch/toolchain/risc-v embedded gcc12/bin/../lib/gcc/riscv-wch-elf/12.2.0/rv32imac_xw/ilp32\libgcc.a
START GROUP
LOAD e:/mounriver/mounriver_studio2/resources/app/resources/win32/components/wch/toolchain/risc-v embedded gcc12/bin/../lib/gcc/riscv-wch-elf/12.2.0/rv32imac_xw/ilp32\libgcc.a
LOAD e:/mounriver/mounriver_studio2/resources/app/resources/win32/components/wch/toolchain/risc-v embedded gcc12/bin/../lib/gcc/riscv-wch-elf/12.2.0/../../../../riscv-wch-elf/lib/rv32imac_xw/ilp32\libc_nano.a
LOAD e:/mounriver/mounriver_studio2/resources/app/resources/win32/components/wch/toolchain/risc-v embedded gcc12/bin/../lib/gcc/riscv-wch-elf/12.2.0/../../../../riscv-wch-elf/lib/rv32imac_xw/ilp32\libnosys.a
END GROUP
START GROUP
LOAD e:/mounriver/mounriver_studio2/resources/app/resources/win32/components/wch/toolchain/risc-v embedded gcc12/bin/../lib/gcc/riscv-wch-elf/12.2.0/rv32imac_xw/ilp32\libgcc.a
LOAD e:/mounriver/mounriver_studio2/resources/app/resources/win32/components/wch/toolchain/risc-v embedded gcc12/bin/../lib/gcc/riscv-wch-elf/12.2.0/../../../../riscv-wch-elf/lib/rv32imac_xw/ilp32\libc_nano.a
LOAD e:/mounriver/mounriver_studio2/resources/app/resources/win32/components/wch/toolchain/risc-v embedded gcc12/bin/../lib/gcc/riscv-wch-elf/12.2.0/../../../../riscv-wch-elf/lib/rv32imac_xw/ilp32\libnosys.a
END GROUP
                0x0000000000000800                __stack_size = 0x800
                [!provide]                        PROVIDE (_stack_size = __stack_size)

.init           0x0000000000000000        0x4
                0x0000000000000000                _sinit = .
                0x0000000000000000                . = ALIGN (0x4)
 *(SORT_NONE(.init))
 .init          0x0000000000000000        0x4 ./Startup/startup_ch32x035.o
                0x0000000000000000                _start
                0x0000000000000004                . = ALIGN (0x4)
                0x0000000000000004                _einit = .

.vector         0x0000000000000004       0xfc
 *(.vector)
 .vector        0x0000000000000004       0xdc ./Startup/startup_ch32x035.o
                0x0000000000000100                . = ALIGN (0x40)
 *fill*         0x00000000000000e0       0x20 

.text           0x0000000000000100     0x4678
                0x0000000000000100                . = ALIGN (0x4)
 *(.text)
 .text          0x0000000000000100       0x16 e:/mounriver/mounriver_studio2/resources/app/resources/win32/components/wch/toolchain/risc-v embedded gcc12/bin/../lib/gcc/riscv-wch-elf/12.2.0/../../../../riscv-wch-elf/lib/rv32imac_xw/ilp32\libg_nano.a(lib_a-memcpy-asm.o)
                0x0000000000000100                memcpy
 .text          0x0000000000000116       0x14 e:/mounriver/mounriver_studio2/resources/app/resources/win32/components/wch/toolchain/risc-v embedded gcc12/bin/../lib/gcc/riscv-wch-elf/12.2.0/../../../../riscv-wch-elf/lib/rv32imac_xw/ilp32\libg_nano.a(lib_a-strcmp.o)
                0x0000000000000116                strcmp
 .text          0x000000000000012a       0x10 e:/mounriver/mounriver_studio2/resources/app/resources/win32/components/wch/toolchain/risc-v embedded gcc12/bin/../lib/gcc/riscv-wch-elf/12.2.0/../../../../riscv-wch-elf/lib/rv32imac_xw/ilp32\libg_nano.a(lib_a-memset.o)
                0x000000000000012a                memset
 *(.text.*)
 .text.button_init
                0x000000000000013a       0x7e ./User/button.o
                0x000000000000013a                button_init
 .text.button_enable
                0x00000000000001b8       0x1a ./User/button.o
                0x00000000000001b8                button_enable
 .text.button_timer_polling
                0x00000000000001d2      0x122 ./User/button.o
                0x00000000000001d2                button_timer_polling
 .text.NMI_Handler
                0x00000000000002f4        0x8 ./User/ch32x035_it.o
                0x00000000000002f4                NMI_Handler
 .text.HardFault_Handler
                0x00000000000002fc       0x18 ./User/ch32x035_it.o
                0x00000000000002fc                HardFault_Handler
 .text.USBFS_RCC_Init
                0x0000000000000314       0x22 ./User/ch32x035_usbfs_device.o
                0x0000000000000314                USBFS_RCC_Init
 .text.USBFS_Device_Endp_Init
                0x0000000000000336       0xa0 ./User/ch32x035_usbfs_device.o
                0x0000000000000336                USBFS_Device_Endp_Init
 .text.GPIO_USB_INIT
                0x00000000000003d6       0x5e ./User/ch32x035_usbfs_device.o
                0x00000000000003d6                GPIO_USB_INIT
 .text.USBFS_Device_Init
                0x0000000000000434      0x122 ./User/ch32x035_usbfs_device.o
                0x0000000000000434                USBFS_Device_Init
 .text.USBFS_Endp_DataUp
                0x0000000000000556      0x342 ./User/ch32x035_usbfs_device.o
                0x0000000000000556                USBFS_Endp_DataUp
 .text.USBFS_IRQHandler
                0x0000000000000898      0xc36 ./User/ch32x035_usbfs_device.o
                0x0000000000000898                USBFS_IRQHandler
 .text.USBFS_Send_Resume
                0x00000000000014ce       0xf4 ./User/ch32x035_usbfs_device.o
                0x00000000000014ce                USBFS_Send_Resume
 .text.main     0x00000000000015c2       0xe0 ./User/main.o
                0x00000000000015c2                main
 .text.SystemInit
                0x00000000000016a2       0x4a ./User/system_ch32x035.o
                0x00000000000016a2                SystemInit
 .text.SystemCoreClockUpdate
                0x00000000000016ec       0x7e ./User/system_ch32x035.o
                0x00000000000016ec                SystemCoreClockUpdate
 .text.SetSysClock
                0x000000000000176a       0x14 ./User/system_ch32x035.o
 .text.SetSysClockTo48_HSI
                0x000000000000177e       0x48 ./User/system_ch32x035.o
 .text.TIM3_Init
                0x00000000000017c6       0xa8 ./User/usbd_compostie_km.o
                0x00000000000017c6                TIM3_Init
 .text.TIM3_IRQHandler
                0x000000000000186e       0x5c ./User/usbd_compostie_km.o
                0x000000000000186e                TIM3_IRQHandler
 .text.btn_dot_callback
                0x00000000000018ca       0xa4 ./User/usbd_compostie_km.o
                0x00000000000018ca                btn_dot_callback
 .text.btn_dash_callback
                0x000000000000196e       0xa4 ./User/usbd_compostie_km.o
                0x000000000000196e                btn_dash_callback
 .text.btn_dot_read
                0x0000000000001a12       0x22 ./User/usbd_compostie_km.o
                0x0000000000001a12                btn_dot_read
 .text.btn_dash_read
                0x0000000000001a34       0x22 ./User/usbd_compostie_km.o
                0x0000000000001a34                btn_dash_read
 .text.KB_Scan_Init
                0x0000000000001a56       0x90 ./User/usbd_compostie_km.o
                0x0000000000001a56                KB_Scan_Init
 .text.KB_Sleep_Wakeup_Cfg
                0x0000000000001ae6       0x92 ./User/usbd_compostie_km.o
                0x0000000000001ae6                KB_Sleep_Wakeup_Cfg
 .text.morse_to_char
                0x0000000000001b78       0x6a ./User/usbd_compostie_km.o
                0x0000000000001b78                morse_to_char
 .text.KB_Scan_Handle
                0x0000000000001be2       0xa4 ./User/usbd_compostie_km.o
                0x0000000000001be2                KB_Scan_Handle
 .text.USB_Sleep_Wakeup_CFG
                0x0000000000001c86       0x44 ./User/usbd_compostie_km.o
                0x0000000000001c86                USB_Sleep_Wakeup_CFG
 .text.MCU_Sleep_Wakeup_Operate
                0x0000000000001cca       0x60 ./User/usbd_compostie_km.o
                0x0000000000001cca                MCU_Sleep_Wakeup_Operate
 .text.vector_handler
                0x0000000000001d2a       0x5a ./Startup/startup_ch32x035.o
                0x0000000000001d2e                Ecall_M_Mode_Handler
                0x0000000000001d30                Ecall_U_Mode_Handler
                0x0000000000001d32                Break_Point_Handler
                0x0000000000001d34                SysTick_Handler
                0x0000000000001d36                SW_Handler
                0x0000000000001d38                WWDG_IRQHandler
                0x0000000000001d3a                PVD_IRQHandler
                0x0000000000001d3c                FLASH_IRQHandler
                0x0000000000001d3e                EXTI7_0_IRQHandler
                0x0000000000001d40                AWU_IRQHandler
                0x0000000000001d42                DMA1_Channel1_IRQHandler
                0x0000000000001d44                DMA1_Channel2_IRQHandler
                0x0000000000001d46                DMA1_Channel3_IRQHandler
                0x0000000000001d48                DMA1_Channel4_IRQHandler
                0x0000000000001d4a                DMA1_Channel5_IRQHandler
                0x0000000000001d4c                DMA1_Channel6_IRQHandler
                0x0000000000001d4e                DMA1_Channel7_IRQHandler
                0x0000000000001d50                ADC1_IRQHandler
                0x0000000000001d52                I2C1_EV_IRQHandler
                0x0000000000001d54                I2C1_ER_IRQHandler
                0x0000000000001d56                USART1_IRQHandler
                0x0000000000001d58                SPI1_IRQHandler
                0x0000000000001d5a                TIM1_BRK_IRQHandler
                0x0000000000001d5c                TIM1_UP_IRQHandler
                0x0000000000001d5e                TIM1_TRG_COM_IRQHandler
                0x0000000000001d60                TIM1_CC_IRQHandler
                0x0000000000001d62                TIM2_UP_IRQHandler
                0x0000000000001d64                USART2_IRQHandler
                0x0000000000001d66                EXTI15_8_IRQHandler
                0x0000000000001d68                EXTI25_16_IRQHandler
                0x0000000000001d6a                USART3_IRQHandler
                0x0000000000001d6c                USART4_IRQHandler
                0x0000000000001d6e                DMA1_Channel8_IRQHandler
                0x0000000000001d72                USBFSWakeUp_IRQHandler
                0x0000000000001d74                PIOC_IRQHandler
                0x0000000000001d76                OPA_IRQHandler
                0x0000000000001d78                USBPD_IRQHandler
                0x0000000000001d7a                USBPDWakeUp_IRQHandler
                0x0000000000001d7c                TIM2_CC_IRQHandler
                0x0000000000001d7e                TIM2_TRG_COM_IRQHandler
                0x0000000000001d80                TIM2_BRK_IRQHandler
 .text.handle_reset
                0x0000000000001d84       0x86 ./Startup/startup_ch32x035.o
                0x0000000000001d84                handle_reset
 .text.DBGMCU_GetCHIPID
                0x0000000000001e0a       0x18 ./Peripheral/src/ch32x035_dbgmcu.o
                0x0000000000001e0a                DBGMCU_GetCHIPID
 .text.EXTI_Init
                0x0000000000001e22      0x170 ./Peripheral/src/ch32x035_exti.o
                0x0000000000001e22                EXTI_Init
 .text.EXTI_GetFlagStatus
                0x0000000000001f92       0x38 ./Peripheral/src/ch32x035_exti.o
                0x0000000000001f92                EXTI_GetFlagStatus
 .text.EXTI_ClearFlag
                0x0000000000001fca       0x20 ./Peripheral/src/ch32x035_exti.o
                0x0000000000001fca                EXTI_ClearFlag
 .text.GPIO_Init
                0x0000000000001fea      0x3c0 ./Peripheral/src/ch32x035_gpio.o
                0x0000000000001fea                GPIO_Init
 .text.GPIO_ReadInputDataBit
                0x00000000000023aa       0x38 ./Peripheral/src/ch32x035_gpio.o
                0x00000000000023aa                GPIO_ReadInputDataBit
 .text.GPIO_SetBits
                0x00000000000023e2       0x34 ./Peripheral/src/ch32x035_gpio.o
                0x00000000000023e2                GPIO_SetBits
 .text.GPIO_ResetBits
                0x0000000000002416       0x20 ./Peripheral/src/ch32x035_gpio.o
                0x0000000000002416                GPIO_ResetBits
 .text.GPIO_EXTILineConfig
                0x0000000000002436       0xa2 ./Peripheral/src/ch32x035_gpio.o
                0x0000000000002436                GPIO_EXTILineConfig
 .text.NVIC_PriorityGroupConfig
                0x00000000000024d8       0x1a ./Peripheral/src/ch32x035_misc.o
                0x00000000000024d8                NVIC_PriorityGroupConfig
 .text.NVIC_Init
                0x00000000000024f2       0xfc ./Peripheral/src/ch32x035_misc.o
                0x00000000000024f2                NVIC_Init
 .text.PWR_PVDLevelConfig
                0x00000000000025ee       0x44 ./Peripheral/src/ch32x035_pwr.o
                0x00000000000025ee                PWR_PVDLevelConfig
 .text.PWR_EnterSTOPMode
                0x0000000000002632      0x134 ./Peripheral/src/ch32x035_pwr.o
                0x0000000000002632                PWR_EnterSTOPMode
 .text.PWR_GetFlagStatus
                0x0000000000002766       0x34 ./Peripheral/src/ch32x035_pwr.o
                0x0000000000002766                PWR_GetFlagStatus
 .text.PWR_VDD_SupplyVoltage
                0x000000000000279a       0x40 ./Peripheral/src/ch32x035_pwr.o
                0x000000000000279a                PWR_VDD_SupplyVoltage
 .text.RCC_GetClocksFreq
                0x00000000000027da       0xa6 ./Peripheral/src/ch32x035_rcc.o
                0x00000000000027da                RCC_GetClocksFreq
 .text.RCC_AHBPeriphClockCmd
                0x0000000000002880       0x46 ./Peripheral/src/ch32x035_rcc.o
                0x0000000000002880                RCC_AHBPeriphClockCmd
 .text.RCC_APB2PeriphClockCmd
                0x00000000000028c6       0x46 ./Peripheral/src/ch32x035_rcc.o
                0x00000000000028c6                RCC_APB2PeriphClockCmd
 .text.RCC_APB1PeriphClockCmd
                0x000000000000290c       0x46 ./Peripheral/src/ch32x035_rcc.o
                0x000000000000290c                RCC_APB1PeriphClockCmd
 .text.TIM_TimeBaseInit
                0x0000000000002952       0xcc ./Peripheral/src/ch32x035_tim.o
                0x0000000000002952                TIM_TimeBaseInit
 .text.TIM_Cmd  0x0000000000002a1e       0x50 ./Peripheral/src/ch32x035_tim.o
                0x0000000000002a1e                TIM_Cmd
 .text.TIM_ITConfig
                0x0000000000002a6e       0x66 ./Peripheral/src/ch32x035_tim.o
                0x0000000000002a6e                TIM_ITConfig
 .text.TIM_GetITStatus
                0x0000000000002ad4       0x68 ./Peripheral/src/ch32x035_tim.o
                0x0000000000002ad4                TIM_GetITStatus
 .text.TIM_ClearITPendingBit
                0x0000000000002b3c       0x2c ./Peripheral/src/ch32x035_tim.o
                0x0000000000002b3c                TIM_ClearITPendingBit
 .text.USART_Init
                0x0000000000002b68      0x1b4 ./Peripheral/src/ch32x035_usart.o
                0x0000000000002b68                USART_Init
 .text.USART_Cmd
                0x0000000000002d1c       0x58 ./Peripheral/src/ch32x035_usart.o
                0x0000000000002d1c                USART_Cmd
 .text.USART_SendData
                0x0000000000002d74       0x2c ./Peripheral/src/ch32x035_usart.o
                0x0000000000002d74                USART_SendData
 .text.USART_GetFlagStatus
                0x0000000000002da0       0x42 ./Peripheral/src/ch32x035_usart.o
                0x0000000000002da0                USART_GetFlagStatus
 .text.Delay_Init
                0x0000000000002de2       0x42 ./Debug/debug.o
                0x0000000000002de2                Delay_Init
 .text.Delay_Us
                0x0000000000002e24       0x82 ./Debug/debug.o
                0x0000000000002e24                Delay_Us
 .text.Delay_Ms
                0x0000000000002ea6       0x82 ./Debug/debug.o
                0x0000000000002ea6                Delay_Ms
 .text.USART_Printf_Init
                0x0000000000002f28       0x84 ./Debug/debug.o
                0x0000000000002f28                USART_Printf_Init
 .text._write   0x0000000000002fac       0x76 ./Debug/debug.o
                0x0000000000002fac                _write
 .text._sbrk    0x0000000000003022       0x5a ./Debug/debug.o
                0x0000000000003022                _sbrk
 .text.printf   0x000000000000307c       0x3a e:/mounriver/mounriver_studio2/resources/app/resources/win32/components/wch/toolchain/risc-v embedded gcc12/bin/../lib/gcc/riscv-wch-elf/12.2.0/../../../../riscv-wch-elf/lib/rv32imac_xw/ilp32\libg_nano.a(lib_a-printf.o)
                0x000000000000307c                iprintf
                0x000000000000307c                printf
 .text._puts_r  0x00000000000030b6      0x104 e:/mounriver/mounriver_studio2/resources/app/resources/win32/components/wch/toolchain/risc-v embedded gcc12/bin/../lib/gcc/riscv-wch-elf/12.2.0/../../../../riscv-wch-elf/lib/rv32imac_xw/ilp32\libg_nano.a(lib_a-puts.o)
                0x00000000000030b6                _puts_r
 .text.puts     0x00000000000031ba        0x8 e:/mounriver/mounriver_studio2/resources/app/resources/win32/components/wch/toolchain/risc-v embedded gcc12/bin/../lib/gcc/riscv-wch-elf/12.2.0/../../../../riscv-wch-elf/lib/rv32imac_xw/ilp32\libg_nano.a(lib_a-puts.o)
                0x00000000000031ba                puts
 .text.__swbuf_r
                0x00000000000031c2       0xbc e:/mounriver/mounriver_studio2/resources/app/resources/win32/components/wch/toolchain/risc-v embedded gcc12/bin/../lib/gcc/riscv-wch-elf/12.2.0/../../../../riscv-wch-elf/lib/rv32imac_xw/ilp32\libg_nano.a(lib_a-wbuf.o)
                0x00000000000031c2                __swbuf_r
 .text.__swsetup_r
                0x000000000000327e       0xee e:/mounriver/mounriver_studio2/resources/app/resources/win32/components/wch/toolchain/risc-v embedded gcc12/bin/../lib/gcc/riscv-wch-elf/12.2.0/../../../../riscv-wch-elf/lib/rv32imac_xw/ilp32\libg_nano.a(lib_a-wsetup.o)
                0x000000000000327e                __swsetup_r
 .text.__sflush_r
                0x000000000000336c      0x132 e:/mounriver/mounriver_studio2/resources/app/resources/win32/components/wch/toolchain/risc-v embedded gcc12/bin/../lib/gcc/riscv-wch-elf/12.2.0/../../../../riscv-wch-elf/lib/rv32imac_xw/ilp32\libg_nano.a(lib_a-fflush.o)
                0x000000000000336c                __sflush_r
 .text._fflush_r
                0x000000000000349e       0x86 e:/mounriver/mounriver_studio2/resources/app/resources/win32/components/wch/toolchain/risc-v embedded gcc12/bin/../lib/gcc/riscv-wch-elf/12.2.0/../../../../riscv-wch-elf/lib/rv32imac_xw/ilp32\libg_nano.a(lib_a-fflush.o)
                0x000000000000349e                _fflush_r
 .text.std      0x0000000000003524       0x66 e:/mounriver/mounriver_studio2/resources/app/resources/win32/components/wch/toolchain/risc-v embedded gcc12/bin/../lib/gcc/riscv-wch-elf/12.2.0/../../../../riscv-wch-elf/lib/rv32imac_xw/ilp32\libg_nano.a(lib_a-findfp.o)
 .text._cleanup_r
                0x000000000000358a        0xa e:/mounriver/mounriver_studio2/resources/app/resources/win32/components/wch/toolchain/risc-v embedded gcc12/bin/../lib/gcc/riscv-wch-elf/12.2.0/../../../../riscv-wch-elf/lib/rv32imac_xw/ilp32\libg_nano.a(lib_a-findfp.o)
                0x000000000000358a                _cleanup_r
 .text.__sfmoreglue
                0x0000000000003594       0x46 e:/mounriver/mounriver_studio2/resources/app/resources/win32/components/wch/toolchain/risc-v embedded gcc12/bin/../lib/gcc/riscv-wch-elf/12.2.0/../../../../riscv-wch-elf/lib/rv32imac_xw/ilp32\libg_nano.a(lib_a-findfp.o)
                0x0000000000003594                __sfmoreglue
 .text.__sfp_lock_acquire
                0x00000000000035da        0x6 e:/mounriver/mounriver_studio2/resources/app/resources/win32/components/wch/toolchain/risc-v embedded gcc12/bin/../lib/gcc/riscv-wch-elf/12.2.0/../../../../riscv-wch-elf/lib/rv32imac_xw/ilp32\libg_nano.a(lib_a-findfp.o)
                0x00000000000035da                __sfp_lock_acquire
 .text.__sfp_lock_release
                0x00000000000035e0        0x6 e:/mounriver/mounriver_studio2/resources/app/resources/win32/components/wch/toolchain/risc-v embedded gcc12/bin/../lib/gcc/riscv-wch-elf/12.2.0/../../../../riscv-wch-elf/lib/rv32imac_xw/ilp32\libg_nano.a(lib_a-findfp.o)
                0x00000000000035e0                __sfp_lock_release
 .text.__sinit_lock_acquire
                0x00000000000035e6        0x6 e:/mounriver/mounriver_studio2/resources/app/resources/win32/components/wch/toolchain/risc-v embedded gcc12/bin/../lib/gcc/riscv-wch-elf/12.2.0/../../../../riscv-wch-elf/lib/rv32imac_xw/ilp32\libg_nano.a(lib_a-findfp.o)
                0x00000000000035e6                __sinit_lock_acquire
 .text.__sinit_lock_release
                0x00000000000035ec        0x6 e:/mounriver/mounriver_studio2/resources/app/resources/win32/components/wch/toolchain/risc-v embedded gcc12/bin/../lib/gcc/riscv-wch-elf/12.2.0/../../../../riscv-wch-elf/lib/rv32imac_xw/ilp32\libg_nano.a(lib_a-findfp.o)
                0x00000000000035ec                __sinit_lock_release
 .text.__sinit  0x00000000000035f2       0x68 e:/mounriver/mounriver_studio2/resources/app/resources/win32/components/wch/toolchain/risc-v embedded gcc12/bin/../lib/gcc/riscv-wch-elf/12.2.0/../../../../riscv-wch-elf/lib/rv32imac_xw/ilp32\libg_nano.a(lib_a-findfp.o)
                0x00000000000035f2                __sinit
 .text.__sfp    0x000000000000365a       0xa6 e:/mounriver/mounriver_studio2/resources/app/resources/win32/components/wch/toolchain/risc-v embedded gcc12/bin/../lib/gcc/riscv-wch-elf/12.2.0/../../../../riscv-wch-elf/lib/rv32imac_xw/ilp32\libg_nano.a(lib_a-findfp.o)
                0x000000000000365a                __sfp
 .text._fwalk_reent
                0x0000000000003700       0x68 e:/mounriver/mounriver_studio2/resources/app/resources/win32/components/wch/toolchain/risc-v embedded gcc12/bin/../lib/gcc/riscv-wch-elf/12.2.0/../../../../riscv-wch-elf/lib/rv32imac_xw/ilp32\libg_nano.a(lib_a-fwalk.o)
                0x0000000000003700                _fwalk_reent
 .text.__retarget_lock_init_recursive
                0x0000000000003768        0x2 e:/mounriver/mounriver_studio2/resources/app/resources/win32/components/wch/toolchain/risc-v embedded gcc12/bin/../lib/gcc/riscv-wch-elf/12.2.0/../../../../riscv-wch-elf/lib/rv32imac_xw/ilp32\libg_nano.a(lib_a-lock.o)
                0x0000000000003768                __retarget_lock_init_recursive
 .text.__retarget_lock_acquire_recursive
                0x000000000000376a        0x2 e:/mounriver/mounriver_studio2/resources/app/resources/win32/components/wch/toolchain/risc-v embedded gcc12/bin/../lib/gcc/riscv-wch-elf/12.2.0/../../../../riscv-wch-elf/lib/rv32imac_xw/ilp32\libg_nano.a(lib_a-lock.o)
                0x000000000000376a                __retarget_lock_acquire_recursive
 .text.__retarget_lock_release_recursive
                0x000000000000376c        0x2 e:/mounriver/mounriver_studio2/resources/app/resources/win32/components/wch/toolchain/risc-v embedded gcc12/bin/../lib/gcc/riscv-wch-elf/12.2.0/../../../../riscv-wch-elf/lib/rv32imac_xw/ilp32\libg_nano.a(lib_a-lock.o)
                0x000000000000376c                __retarget_lock_release_recursive
 .text.__swhatbuf_r
                0x000000000000376e       0x58 e:/mounriver/mounriver_studio2/resources/app/resources/win32/components/wch/toolchain/risc-v embedded gcc12/bin/../lib/gcc/riscv-wch-elf/12.2.0/../../../../riscv-wch-elf/lib/rv32imac_xw/ilp32\libg_nano.a(lib_a-makebuf.o)
                0x000000000000376e                __swhatbuf_r
 .text.__smakebuf_r
                0x00000000000037c6       0x92 e:/mounriver/mounriver_studio2/resources/app/resources/win32/components/wch/toolchain/risc-v embedded gcc12/bin/../lib/gcc/riscv-wch-elf/12.2.0/../../../../riscv-wch-elf/lib/rv32imac_xw/ilp32\libg_nano.a(lib_a-makebuf.o)
                0x00000000000037c6                __smakebuf_r
 .text._free_r  0x0000000000003858       0x9e e:/mounriver/mounriver_studio2/resources/app/resources/win32/components/wch/toolchain/risc-v embedded gcc12/bin/../lib/gcc/riscv-wch-elf/12.2.0/../../../../riscv-wch-elf/lib/rv32imac_xw/ilp32\libg_nano.a(lib_a-nano-freer.o)
                0x0000000000003858                _free_r
 .text.sbrk_aligned
                0x00000000000038f6       0x54 e:/mounriver/mounriver_studio2/resources/app/resources/win32/components/wch/toolchain/risc-v embedded gcc12/bin/../lib/gcc/riscv-wch-elf/12.2.0/../../../../riscv-wch-elf/lib/rv32imac_xw/ilp32\libg_nano.a(lib_a-nano-mallocr.o)
 .text._malloc_r
                0x000000000000394a      0x108 e:/mounriver/mounriver_studio2/resources/app/resources/win32/components/wch/toolchain/risc-v embedded gcc12/bin/../lib/gcc/riscv-wch-elf/12.2.0/../../../../riscv-wch-elf/lib/rv32imac_xw/ilp32\libg_nano.a(lib_a-nano-mallocr.o)
                0x000000000000394a                _malloc_r
 .text.__sfputc_r
                0x0000000000003a52       0x28 e:/mounriver/mounriver_studio2/resources/app/resources/win32/components/wch/toolchain/risc-v embedded gcc12/bin/../lib/gcc/riscv-wch-elf/12.2.0/../../../../riscv-wch-elf/lib/rv32imac_xw/ilp32\libg_nano.a(lib_a-nano-vfprintf.o)
 .text.__sfputs_r
                0x0000000000003a7a       0x40 e:/mounriver/mounriver_studio2/resources/app/resources/win32/components/wch/toolchain/risc-v embedded gcc12/bin/../lib/gcc/riscv-wch-elf/12.2.0/../../../../riscv-wch-elf/lib/rv32imac_xw/ilp32\libg_nano.a(lib_a-nano-vfprintf.o)
                0x0000000000003a7a                __sfputs_r
 .text._vfprintf_r
                0x0000000000003aba      0x2be e:/mounriver/mounriver_studio2/resources/app/resources/win32/components/wch/toolchain/risc-v embedded gcc12/bin/../lib/gcc/riscv-wch-elf/12.2.0/../../../../riscv-wch-elf/lib/rv32imac_xw/ilp32\libg_nano.a(lib_a-nano-vfprintf.o)
                0x0000000000003aba                _vfprintf_r
                0x0000000000003aba                _vfiprintf_r
 .text._sbrk_r  0x0000000000003d78       0x28 e:/mounriver/mounriver_studio2/resources/app/resources/win32/components/wch/toolchain/risc-v embedded gcc12/bin/../lib/gcc/riscv-wch-elf/12.2.0/../../../../riscv-wch-elf/lib/rv32imac_xw/ilp32\libg_nano.a(lib_a-sbrkr.o)
                0x0000000000003d78                _sbrk_r
 .text.__sread  0x0000000000003da0       0x2c e:/mounriver/mounriver_studio2/resources/app/resources/win32/components/wch/toolchain/risc-v embedded gcc12/bin/../lib/gcc/riscv-wch-elf/12.2.0/../../../../riscv-wch-elf/lib/rv32imac_xw/ilp32\libg_nano.a(lib_a-stdio.o)
                0x0000000000003da0                __sread
 .text.__swrite
                0x0000000000003dcc       0x48 e:/mounriver/mounriver_studio2/resources/app/resources/win32/components/wch/toolchain/risc-v embedded gcc12/bin/../lib/gcc/riscv-wch-elf/12.2.0/../../../../riscv-wch-elf/lib/rv32imac_xw/ilp32\libg_nano.a(lib_a-stdio.o)
                0x0000000000003dcc                __swrite
 .text.__sseek  0x0000000000003e14       0x30 e:/mounriver/mounriver_studio2/resources/app/resources/win32/components/wch/toolchain/risc-v embedded gcc12/bin/../lib/gcc/riscv-wch-elf/12.2.0/../../../../riscv-wch-elf/lib/rv32imac_xw/ilp32\libg_nano.a(lib_a-stdio.o)
                0x0000000000003e14                __sseek
 .text.__sclose
                0x0000000000003e44        0x6 e:/mounriver/mounriver_studio2/resources/app/resources/win32/components/wch/toolchain/risc-v embedded gcc12/bin/../lib/gcc/riscv-wch-elf/12.2.0/../../../../riscv-wch-elf/lib/rv32imac_xw/ilp32\libg_nano.a(lib_a-stdio.o)
                0x0000000000003e44                __sclose
 .text._write_r
                0x0000000000003e4a       0x2c e:/mounriver/mounriver_studio2/resources/app/resources/win32/components/wch/toolchain/risc-v embedded gcc12/bin/../lib/gcc/riscv-wch-elf/12.2.0/../../../../riscv-wch-elf/lib/rv32imac_xw/ilp32\libg_nano.a(lib_a-writer.o)
                0x0000000000003e4a                _write_r
 .text._close_r
                0x0000000000003e76       0x26 e:/mounriver/mounriver_studio2/resources/app/resources/win32/components/wch/toolchain/risc-v embedded gcc12/bin/../lib/gcc/riscv-wch-elf/12.2.0/../../../../riscv-wch-elf/lib/rv32imac_xw/ilp32\libg_nano.a(lib_a-closer.o)
                0x0000000000003e76                _close_r
 .text._fstat_r
                0x0000000000003e9c       0x28 e:/mounriver/mounriver_studio2/resources/app/resources/win32/components/wch/toolchain/risc-v embedded gcc12/bin/../lib/gcc/riscv-wch-elf/12.2.0/../../../../riscv-wch-elf/lib/rv32imac_xw/ilp32\libg_nano.a(lib_a-fstatr.o)
                0x0000000000003e9c                _fstat_r
 .text._isatty_r
                0x0000000000003ec4       0x26 e:/mounriver/mounriver_studio2/resources/app/resources/win32/components/wch/toolchain/risc-v embedded gcc12/bin/../lib/gcc/riscv-wch-elf/12.2.0/../../../../riscv-wch-elf/lib/rv32imac_xw/ilp32\libg_nano.a(lib_a-isattyr.o)
                0x0000000000003ec4                _isatty_r
 .text._lseek_r
                0x0000000000003eea       0x2a e:/mounriver/mounriver_studio2/resources/app/resources/win32/components/wch/toolchain/risc-v embedded gcc12/bin/../lib/gcc/riscv-wch-elf/12.2.0/../../../../riscv-wch-elf/lib/rv32imac_xw/ilp32\libg_nano.a(lib_a-lseekr.o)
                0x0000000000003eea                _lseek_r
 .text.memchr   0x0000000000003f14       0x18 e:/mounriver/mounriver_studio2/resources/app/resources/win32/components/wch/toolchain/risc-v embedded gcc12/bin/../lib/gcc/riscv-wch-elf/12.2.0/../../../../riscv-wch-elf/lib/rv32imac_xw/ilp32\libg_nano.a(lib_a-memchr.o)
                0x0000000000003f14                memchr
 .text.__malloc_lock
                0x0000000000003f2c        0x8 e:/mounriver/mounriver_studio2/resources/app/resources/win32/components/wch/toolchain/risc-v embedded gcc12/bin/../lib/gcc/riscv-wch-elf/12.2.0/../../../../riscv-wch-elf/lib/rv32imac_xw/ilp32\libg_nano.a(lib_a-mlock.o)
                0x0000000000003f2c                __malloc_lock
 .text.__malloc_unlock
                0x0000000000003f34        0x8 e:/mounriver/mounriver_studio2/resources/app/resources/win32/components/wch/toolchain/risc-v embedded gcc12/bin/../lib/gcc/riscv-wch-elf/12.2.0/../../../../riscv-wch-elf/lib/rv32imac_xw/ilp32\libg_nano.a(lib_a-mlock.o)
                0x0000000000003f34                __malloc_unlock
 .text._printf_common
                0x0000000000003f3c      0x110 e:/mounriver/mounriver_studio2/resources/app/resources/win32/components/wch/toolchain/risc-v embedded gcc12/bin/../lib/gcc/riscv-wch-elf/12.2.0/../../../../riscv-wch-elf/lib/rv32imac_xw/ilp32\libg_nano.a(lib_a-nano-vfprintf_i.o)
                0x0000000000003f3c                _printf_common
 .text._printf_i
                0x000000000000404c      0x27c e:/mounriver/mounriver_studio2/resources/app/resources/win32/components/wch/toolchain/risc-v embedded gcc12/bin/../lib/gcc/riscv-wch-elf/12.2.0/../../../../riscv-wch-elf/lib/rv32imac_xw/ilp32\libg_nano.a(lib_a-nano-vfprintf_i.o)
                0x000000000000404c                _printf_i
 .text._read_r  0x00000000000042c8       0x2a e:/mounriver/mounriver_studio2/resources/app/resources/win32/components/wch/toolchain/risc-v embedded gcc12/bin/../lib/gcc/riscv-wch-elf/12.2.0/../../../../riscv-wch-elf/lib/rv32imac_xw/ilp32\libg_nano.a(lib_a-readr.o)
                0x00000000000042c8                _read_r
 .text._close   0x00000000000042f2        0xc e:/mounriver/mounriver_studio2/resources/app/resources/win32/components/wch/toolchain/risc-v embedded gcc12/bin/../lib/gcc/riscv-wch-elf/12.2.0/../../../../riscv-wch-elf/lib/rv32imac_xw/ilp32\libnosys.a(close.o)
                0x00000000000042f2                _close
 .text._fstat   0x00000000000042fe        0xc e:/mounriver/mounriver_studio2/resources/app/resources/win32/components/wch/toolchain/risc-v embedded gcc12/bin/../lib/gcc/riscv-wch-elf/12.2.0/../../../../riscv-wch-elf/lib/rv32imac_xw/ilp32\libnosys.a(fstat.o)
                0x00000000000042fe                _fstat
 .text._isatty  0x000000000000430a        0xc e:/mounriver/mounriver_studio2/resources/app/resources/win32/components/wch/toolchain/risc-v embedded gcc12/bin/../lib/gcc/riscv-wch-elf/12.2.0/../../../../riscv-wch-elf/lib/rv32imac_xw/ilp32\libnosys.a(isatty.o)
                0x000000000000430a                _isatty
 .text._lseek   0x0000000000004316        0xc e:/mounriver/mounriver_studio2/resources/app/resources/win32/components/wch/toolchain/risc-v embedded gcc12/bin/../lib/gcc/riscv-wch-elf/12.2.0/../../../../riscv-wch-elf/lib/rv32imac_xw/ilp32\libnosys.a(lseek.o)
                0x0000000000004316                _lseek
 .text._read    0x0000000000004322        0xc e:/mounriver/mounriver_studio2/resources/app/resources/win32/components/wch/toolchain/risc-v embedded gcc12/bin/../lib/gcc/riscv-wch-elf/12.2.0/../../../../riscv-wch-elf/lib/rv32imac_xw/ilp32\libnosys.a(read.o)
                0x0000000000004322                _read
 *(.rodata)
 *fill*         0x000000000000432e        0x2 
 .rodata        0x0000000000004330       0x43 ./User/main.o
 *fill*         0x0000000000004373        0x1 
 .rodata        0x0000000000004374       0xfa ./User/usbd_compostie_km.o
 *(.rodata*)
 *fill*         0x000000000000446e        0x2 
 .rodata.USBFS_Endp_DataUp
                0x0000000000004470       0x20 ./User/ch32x035_usbfs_device.o
 .rodata.USBFS_IRQHandler
                0x0000000000004490       0xec ./User/ch32x035_usbfs_device.o
 .rodata.MyDevDescr
                0x000000000000457c       0x12 ./User/usb_desc.o
                0x000000000000457c                MyDevDescr
 *fill*         0x000000000000458e        0x2 
 .rodata.MyCfgDescr
                0x0000000000004590       0x3b ./User/usb_desc.o
                0x0000000000004590                MyCfgDescr
 *fill*         0x00000000000045cb        0x1 
 .rodata.KeyRepDesc
                0x00000000000045cc       0x3e ./User/usb_desc.o
                0x00000000000045cc                KeyRepDesc
 *fill*         0x000000000000460a        0x2 
 .rodata.MouseRepDesc
                0x000000000000460c       0x34 ./User/usb_desc.o
                0x000000000000460c                MouseRepDesc
 .rodata.MyManuInfo
                0x0000000000004640        0xe ./User/usb_desc.o
                0x0000000000004640                MyManuInfo
 *fill*         0x000000000000464e        0x2 
 .rodata.MyProdInfo
                0x0000000000004650       0x1a ./User/usb_desc.o
                0x0000000000004650                MyProdInfo
 *fill*         0x000000000000466a        0x2 
 .rodata.MySerNumInfo
                0x000000000000466c       0x16 ./User/usb_desc.o
                0x000000000000466c                MySerNumInfo
 *fill*         0x0000000000004682        0x2 
 .rodata.__sf_fake_stderr
                0x0000000000004684       0x20 e:/mounriver/mounriver_studio2/resources/app/resources/win32/components/wch/toolchain/risc-v embedded gcc12/bin/../lib/gcc/riscv-wch-elf/12.2.0/../../../../riscv-wch-elf/lib/rv32imac_xw/ilp32\libg_nano.a(lib_a-findfp.o)
                0x0000000000004684                __sf_fake_stderr
 .rodata.__sf_fake_stdout
                0x00000000000046a4       0x20 e:/mounriver/mounriver_studio2/resources/app/resources/win32/components/wch/toolchain/risc-v embedded gcc12/bin/../lib/gcc/riscv-wch-elf/12.2.0/../../../../riscv-wch-elf/lib/rv32imac_xw/ilp32\libg_nano.a(lib_a-findfp.o)
                0x00000000000046a4                __sf_fake_stdout
 .rodata.__sf_fake_stdin
                0x00000000000046c4       0x20 e:/mounriver/mounriver_studio2/resources/app/resources/win32/components/wch/toolchain/risc-v embedded gcc12/bin/../lib/gcc/riscv-wch-elf/12.2.0/../../../../riscv-wch-elf/lib/rv32imac_xw/ilp32\libg_nano.a(lib_a-findfp.o)
                0x00000000000046c4                __sf_fake_stdin
 .rodata._vfprintf_r.str1.4
                0x00000000000046e4       0x13 e:/mounriver/mounriver_studio2/resources/app/resources/win32/components/wch/toolchain/risc-v embedded gcc12/bin/../lib/gcc/riscv-wch-elf/12.2.0/../../../../riscv-wch-elf/lib/rv32imac_xw/ilp32\libg_nano.a(lib_a-nano-vfprintf.o)
 *fill*         0x00000000000046f7        0x1 
 .rodata._printf_i.str1.4
                0x00000000000046f8       0x25 e:/mounriver/mounriver_studio2/resources/app/resources/win32/components/wch/toolchain/risc-v embedded gcc12/bin/../lib/gcc/riscv-wch-elf/12.2.0/../../../../riscv-wch-elf/lib/rv32imac_xw/ilp32\libg_nano.a(lib_a-nano-vfprintf_i.o)
 *fill*         0x000000000000471d        0x3 
 .rodata._printf_i
                0x0000000000004720       0x58 e:/mounriver/mounriver_studio2/resources/app/resources/win32/components/wch/toolchain/risc-v embedded gcc12/bin/../lib/gcc/riscv-wch-elf/12.2.0/../../../../riscv-wch-elf/lib/rv32imac_xw/ilp32\libg_nano.a(lib_a-nano-vfprintf_i.o)
 *(.gnu.linkonce.t.*)
                0x0000000000004778                . = ALIGN (0x4)

.rela.dyn       0x0000000000004778        0x0
 .rela.init     0x0000000000004778        0x0 ./User/button.o
 .rela.vector   0x0000000000004778        0x0 ./User/button.o
 .rela.text.handle_reset
                0x0000000000004778        0x0 ./User/button.o
 .rela.text._sbrk
                0x0000000000004778        0x0 ./User/button.o
 .rela.sdata.curbrk.0
                0x0000000000004778        0x0 ./User/button.o
 .rela.text._vfprintf_r
                0x0000000000004778        0x0 ./User/button.o

.fini           0x0000000000004778        0x0
 *(SORT_NONE(.fini))
                0x0000000000004778                . = ALIGN (0x4)
                [!provide]                        PROVIDE (_etext = .)
                [!provide]                        PROVIDE (_eitcm = .)

.preinit_array  0x0000000000004778        0x0
                [!provide]                        PROVIDE (__preinit_array_start = .)
 *(.preinit_array)
                [!provide]                        PROVIDE (__preinit_array_end = .)

.init_array     0x0000000000004778        0x0
                [!provide]                        PROVIDE (__init_array_start = .)
 *(SORT_BY_INIT_PRIORITY(.init_array.*) SORT_BY_INIT_PRIORITY(.ctors.*))
 *(.init_array EXCLUDE_FILE(*crtend?.o *crtend.o *crtbegin?.o *crtbegin.o) .ctors)
                [!provide]                        PROVIDE (__init_array_end = .)

.fini_array     0x0000000000004778        0x0
                [!provide]                        PROVIDE (__fini_array_start = .)
 *(SORT_BY_INIT_PRIORITY(.fini_array.*) SORT_BY_INIT_PRIORITY(.dtors.*))
 *(.fini_array EXCLUDE_FILE(*crtend?.o *crtend.o *crtbegin?.o *crtbegin.o) .dtors)
                [!provide]                        PROVIDE (__fini_array_end = .)

.ctors
 *crtbegin.o(.ctors)
 *crtbegin?.o(.ctors)
 *(EXCLUDE_FILE(*crtend?.o *crtend.o) .ctors)
 *(SORT_BY_NAME(.ctors.*))
 *(.ctors)

.dtors
 *crtbegin.o(.dtors)
 *crtbegin?.o(.dtors)
 *(EXCLUDE_FILE(*crtend?.o *crtend.o) .dtors)
 *(SORT_BY_NAME(.dtors.*))
 *(.dtors)

.dalign         0x0000000020000000        0x0 load address 0x0000000000004778
                0x0000000020000000                . = ALIGN (0x4)
                0x0000000020000000                PROVIDE (_data_vma = .)

.dlalign        0x0000000000004778        0x0
                0x0000000000004778                . = ALIGN (0x4)
                0x0000000000004778                PROVIDE (_data_lma = .)

.data           0x0000000020000000      0x1c8 load address 0x0000000000004778
 *(.gnu.linkonce.r.*)
 *(.data .data.*)
 .data.AHBPrescTable
                0x0000000020000000       0x10 ./User/system_ch32x035.o
                0x0000000020000000                AHBPrescTable
 .data.morse_dict
                0x0000000020000010      0x128 ./User/usbd_compostie_km.o
                0x0000000020000010                morse_dict
 .data.APBAHBPrescTable
                0x0000000020000138       0x10 ./Peripheral/src/ch32x035_rcc.o
 .data.impure_data
                0x0000000020000148       0x60 e:/mounriver/mounriver_studio2/resources/app/resources/win32/components/wch/toolchain/risc-v embedded gcc12/bin/../lib/gcc/riscv-wch-elf/12.2.0/../../../../riscv-wch-elf/lib/rv32imac_xw/ilp32\libg_nano.a(lib_a-impure.o)
 *(.gnu.linkonce.d.*)
                0x00000000200001a8                . = ALIGN (0x8)
                0x00000000200009a8                PROVIDE (__global_pointer$ = (. + 0x800))
 *(.sdata .sdata.*)
 .sdata.SystemCoreClock
                0x00000000200001a8        0x4 ./User/system_ch32x035.o
                0x00000000200001a8                SystemCoreClock
 .sdata.CFGHR_tmpA
                0x00000000200001ac        0x4 ./Peripheral/src/ch32x035_gpio.o
                0x00000000200001ac                CFGHR_tmpA
 .sdata.CFGHR_tmpB
                0x00000000200001b0        0x4 ./Peripheral/src/ch32x035_gpio.o
                0x00000000200001b0                CFGHR_tmpB
 .sdata.CFGHR_tmpC
                0x00000000200001b4        0x4 ./Peripheral/src/ch32x035_gpio.o
                0x00000000200001b4                CFGHR_tmpC
 .sdata.curbrk.0
                0x00000000200001b8        0x4 ./Debug/debug.o
 .sdata._impure_ptr
                0x00000000200001bc        0x4 e:/mounriver/mounriver_studio2/resources/app/resources/win32/components/wch/toolchain/risc-v embedded gcc12/bin/../lib/gcc/riscv-wch-elf/12.2.0/../../../../riscv-wch-elf/lib/rv32imac_xw/ilp32\libg_nano.a(lib_a-impure.o)
                0x00000000200001bc                _impure_ptr
 *(.sdata2.*)
 *(.gnu.linkonce.s.*)
                0x00000000200001c0                . = ALIGN (0x8)
 *(.srodata.cst16)
 *(.srodata.cst8)
 *(.srodata.cst4)
 *(.srodata.cst2)
 *(.srodata .srodata.*)
 .srodata.MyLangDescr
                0x00000000200001c0        0x4 ./User/usb_desc.o
                0x00000000200001c0                MyLangDescr
 .srodata._global_impure_ptr
                0x00000000200001c4        0x4 e:/mounriver/mounriver_studio2/resources/app/resources/win32/components/wch/toolchain/risc-v embedded gcc12/bin/../lib/gcc/riscv-wch-elf/12.2.0/../../../../riscv-wch-elf/lib/rv32imac_xw/ilp32\libg_nano.a(lib_a-impure.o)
                0x00000000200001c4                _global_impure_ptr
                0x00000000200001c8                . = ALIGN (0x4)
                0x00000000200001c8                PROVIDE (_edata = .)

.bss            0x00000000200001c8      0x15c load address 0x0000000000004940
                0x00000000200001c8                . = ALIGN (0x4)
                0x00000000200001c8                PROVIDE (_sbss = .)
 *(.sbss*)
 .sbss.pUSBFS_Descr
                0x00000000200001c8        0x4 ./User/ch32x035_usbfs_device.o
                0x00000000200001c8                pUSBFS_Descr
 .sbss.USBFS_SetupReqCode
                0x00000000200001cc        0x1 ./User/ch32x035_usbfs_device.o
                0x00000000200001cc                USBFS_SetupReqCode
 .sbss.USBFS_SetupReqType
                0x00000000200001cd        0x1 ./User/ch32x035_usbfs_device.o
                0x00000000200001cd                USBFS_SetupReqType
 .sbss.USBFS_SetupReqValue
                0x00000000200001ce        0x2 ./User/ch32x035_usbfs_device.o
                0x00000000200001ce                USBFS_SetupReqValue
 .sbss.USBFS_SetupReqIndex
                0x00000000200001d0        0x2 ./User/ch32x035_usbfs_device.o
                0x00000000200001d0                USBFS_SetupReqIndex
 .sbss.USBFS_SetupReqLen
                0x00000000200001d2        0x2 ./User/ch32x035_usbfs_device.o
                0x00000000200001d2                USBFS_SetupReqLen
 .sbss.USBFS_DevConfig
                0x00000000200001d4        0x1 ./User/ch32x035_usbfs_device.o
                0x00000000200001d4                USBFS_DevConfig
 .sbss.USBFS_DevAddr
                0x00000000200001d5        0x1 ./User/ch32x035_usbfs_device.o
                0x00000000200001d5                USBFS_DevAddr
 .sbss.USBFS_DevSleepStatus
                0x00000000200001d6        0x1 ./User/ch32x035_usbfs_device.o
                0x00000000200001d6                USBFS_DevSleepStatus
 .sbss.USBFS_DevEnumStatus
                0x00000000200001d7        0x1 ./User/ch32x035_usbfs_device.o
                0x00000000200001d7                USBFS_DevEnumStatus
 .sbss.USBFS_HidIdle
                0x00000000200001d8        0x2 ./User/ch32x035_usbfs_device.o
                0x00000000200001d8                USBFS_HidIdle
 *fill*         0x00000000200001da        0x2 
 .sbss.USBFS_HidProtocol
                0x00000000200001dc        0x2 ./User/ch32x035_usbfs_device.o
                0x00000000200001dc                USBFS_HidProtocol
 *fill*         0x00000000200001de        0x2 
 .sbss.USBFS_Endp_Busy
                0x00000000200001e0        0x8 ./User/ch32x035_usbfs_device.o
                0x00000000200001e0                USBFS_Endp_Busy
 .sbss.KB_Data_Pack
                0x00000000200001e8        0x8 ./User/usbd_compostie_km.o
                0x00000000200001e8                KB_Data_Pack
 .sbss.KB_LED_Cur_Status
                0x00000000200001f0        0x1 ./User/usbd_compostie_km.o
                0x00000000200001f0                KB_LED_Cur_Status
 *fill*         0x00000000200001f1        0x3 
 .sbss.tim3_millis
                0x00000000200001f4        0x4 ./User/usbd_compostie_km.o
 .sbss.NVIC_Priority_Group
                0x00000000200001f8        0x4 ./Peripheral/src/ch32x035_misc.o
                0x00000000200001f8                NVIC_Priority_Group
 .sbss.p_us     0x00000000200001fc        0x1 ./Debug/debug.o
 *fill*         0x00000000200001fd        0x1 
 .sbss.p_ms     0x00000000200001fe        0x2 ./Debug/debug.o
 .sbss.__lock___malloc_recursive_mutex
                0x0000000020000200        0x1 e:/mounriver/mounriver_studio2/resources/app/resources/win32/components/wch/toolchain/risc-v embedded gcc12/bin/../lib/gcc/riscv-wch-elf/12.2.0/../../../../riscv-wch-elf/lib/rv32imac_xw/ilp32\libg_nano.a(lib_a-lock.o)
                0x0000000020000200                __lock___malloc_recursive_mutex
 *fill*         0x0000000020000201        0x3 
 .sbss.__lock___sfp_recursive_mutex
                0x0000000020000204        0x1 e:/mounriver/mounriver_studio2/resources/app/resources/win32/components/wch/toolchain/risc-v embedded gcc12/bin/../lib/gcc/riscv-wch-elf/12.2.0/../../../../riscv-wch-elf/lib/rv32imac_xw/ilp32\libg_nano.a(lib_a-lock.o)
                0x0000000020000204                __lock___sfp_recursive_mutex
 *fill*         0x0000000020000205        0x3 
 .sbss.__lock___sinit_recursive_mutex
                0x0000000020000208        0x1 e:/mounriver/mounriver_studio2/resources/app/resources/win32/components/wch/toolchain/risc-v embedded gcc12/bin/../lib/gcc/riscv-wch-elf/12.2.0/../../../../riscv-wch-elf/lib/rv32imac_xw/ilp32\libg_nano.a(lib_a-lock.o)
                0x0000000020000208                __lock___sinit_recursive_mutex
 *fill*         0x0000000020000209        0x3 
 .sbss.__malloc_sbrk_start
                0x000000002000020c        0x4 e:/mounriver/mounriver_studio2/resources/app/resources/win32/components/wch/toolchain/risc-v embedded gcc12/bin/../lib/gcc/riscv-wch-elf/12.2.0/../../../../riscv-wch-elf/lib/rv32imac_xw/ilp32\libg_nano.a(lib_a-nano-mallocr.o)
                0x000000002000020c                __malloc_sbrk_start
 .sbss.__malloc_free_list
                0x0000000020000210        0x4 e:/mounriver/mounriver_studio2/resources/app/resources/win32/components/wch/toolchain/risc-v embedded gcc12/bin/../lib/gcc/riscv-wch-elf/12.2.0/../../../../riscv-wch-elf/lib/rv32imac_xw/ilp32\libg_nano.a(lib_a-nano-mallocr.o)
                0x0000000020000210                __malloc_free_list
 .sbss.errno    0x0000000020000214        0x4 e:/mounriver/mounriver_studio2/resources/app/resources/win32/components/wch/toolchain/risc-v embedded gcc12/bin/../lib/gcc/riscv-wch-elf/12.2.0/../../../../riscv-wch-elf/lib/rv32imac_xw/ilp32\libg_nano.a(lib_a-reent.o)
                0x0000000020000214                errno
 *(.gnu.linkonce.sb.*)
 *(.bss*)
 .bss.USBFS_EP0_Buf
                0x0000000020000218       0x40 ./User/ch32x035_usbfs_device.o
                0x0000000020000218                USBFS_EP0_Buf
 .bss.USBFS_EP1_Buf
                0x0000000020000258       0x40 ./User/ch32x035_usbfs_device.o
                0x0000000020000258                USBFS_EP1_Buf
 .bss.USBFS_EP2_Buf
                0x0000000020000298       0x40 ./User/ch32x035_usbfs_device.o
                0x0000000020000298                USBFS_EP2_Buf
 .bss.btn_dot   0x00000000200002d8       0x1c ./User/usbd_compostie_km.o
                0x00000000200002d8                btn_dot
 .bss.btn_dash  0x00000000200002f4       0x1c ./User/usbd_compostie_km.o
                0x00000000200002f4                btn_dash
 .bss.my_morse  0x0000000020000310       0x14 ./User/usbd_compostie_km.o
                0x0000000020000310                my_morse
 *(.gnu.linkonce.b.*)
 *(COMMON*)
                0x0000000020000324                . = ALIGN (0x4)
                0x0000000020000324                PROVIDE (_ebss = .)
                0x0000000020000324                PROVIDE (_end = _ebss)
                [!provide]                        PROVIDE (end = .)

.stack          0x0000000020004800      0x800
                0x0000000020004800                PROVIDE (_heap_end = .)
                0x0000000020004800                . = ALIGN (0x4)
                [!provide]                        PROVIDE (_susrstack = .)
                0x0000000020005000                . = (. + __stack_size)
 *fill*         0x0000000020004800      0x800 
                0x0000000020005000                PROVIDE (_eusrstack = .)
OUTPUT(CH32X035F8U6.elf elf32-littleriscv)

.debug_info     0x0000000000000000     0x73e0
 .debug_info    0x0000000000000000      0x258 ./User/button.o
 .debug_info    0x0000000000000258      0x2f5 ./User/ch32x035_it.o
 .debug_info    0x000000000000054d      0xf27 ./User/ch32x035_usbfs_device.o
 .debug_info    0x0000000000001474      0x36f ./User/main.o
 .debug_info    0x00000000000017e3      0x26d ./User/system_ch32x035.o
 .debug_info    0x0000000000001a50      0x242 ./User/usb_desc.o
 .debug_info    0x0000000000001c92      0xeeb ./User/usbd_compostie_km.o
 .debug_info    0x0000000000002b7d       0x23 ./Startup/startup_ch32x035.o
 .debug_info    0x0000000000002ba0      0x180 ./Peripheral/src/ch32x035_dbgmcu.o
 .debug_info    0x0000000000002d20      0x333 ./Peripheral/src/ch32x035_exti.o
 .debug_info    0x0000000000003053      0x6ea ./Peripheral/src/ch32x035_gpio.o
 .debug_info    0x000000000000373d      0x584 ./Peripheral/src/ch32x035_misc.o
 .debug_info    0x0000000000003cc1      0x53d ./Peripheral/src/ch32x035_pwr.o
 .debug_info    0x00000000000041fe      0x4ae ./Peripheral/src/ch32x035_rcc.o
 .debug_info    0x00000000000046ac     0x1dda ./Peripheral/src/ch32x035_tim.o
 .debug_info    0x0000000000006486      0x958 ./Peripheral/src/ch32x035_usart.o
 .debug_info    0x0000000000006dde      0x602 ./Debug/debug.o

.debug_abbrev   0x0000000000000000     0x1bea
 .debug_abbrev  0x0000000000000000      0x128 ./User/button.o
 .debug_abbrev  0x0000000000000128       0xfe ./User/ch32x035_it.o
 .debug_abbrev  0x0000000000000226      0x387 ./User/ch32x035_usbfs_device.o
 .debug_abbrev  0x00000000000005ad      0x150 ./User/main.o
 .debug_abbrev  0x00000000000006fd      0x139 ./User/system_ch32x035.o
 .debug_abbrev  0x0000000000000836       0x7a ./User/usb_desc.o
 .debug_abbrev  0x00000000000008b0      0x35f ./User/usbd_compostie_km.o
 .debug_abbrev  0x0000000000000c0f       0x12 ./Startup/startup_ch32x035.o
 .debug_abbrev  0x0000000000000c21       0xf9 ./Peripheral/src/ch32x035_dbgmcu.o
 .debug_abbrev  0x0000000000000d1a      0x11a ./Peripheral/src/ch32x035_exti.o
 .debug_abbrev  0x0000000000000e34      0x20d ./Peripheral/src/ch32x035_gpio.o
 .debug_abbrev  0x0000000000001041      0x1b9 ./Peripheral/src/ch32x035_misc.o
 .debug_abbrev  0x00000000000011fa      0x227 ./Peripheral/src/ch32x035_pwr.o
 .debug_abbrev  0x0000000000001421      0x19f ./Peripheral/src/ch32x035_rcc.o
 .debug_abbrev  0x00000000000015c0      0x22f ./Peripheral/src/ch32x035_tim.o
 .debug_abbrev  0x00000000000017ef      0x1cb ./Peripheral/src/ch32x035_usart.o
 .debug_abbrev  0x00000000000019ba      0x230 ./Debug/debug.o

.debug_aranges  0x0000000000000000      0x850
 .debug_aranges
                0x0000000000000000       0x38 ./User/button.o
 .debug_aranges
                0x0000000000000038       0x28 ./User/ch32x035_it.o
 .debug_aranges
                0x0000000000000060       0x50 ./User/ch32x035_usbfs_device.o
 .debug_aranges
                0x00000000000000b0       0x20 ./User/main.o
 .debug_aranges
                0x00000000000000d0       0x38 ./User/system_ch32x035.o
 .debug_aranges
                0x0000000000000108       0x18 ./User/usb_desc.o
 .debug_aranges
                0x0000000000000120       0x80 ./User/usbd_compostie_km.o
 .debug_aranges
                0x00000000000001a0       0x30 ./Startup/startup_ch32x035.o
 .debug_aranges
                0x00000000000001d0       0x48 ./Peripheral/src/ch32x035_dbgmcu.o
 .debug_aranges
                0x0000000000000218       0x58 ./Peripheral/src/ch32x035_exti.o
 .debug_aranges
                0x0000000000000270       0x98 ./Peripheral/src/ch32x035_gpio.o
 .debug_aranges
                0x0000000000000308       0x28 ./Peripheral/src/ch32x035_misc.o
 .debug_aranges
                0x0000000000000330       0x48 ./Peripheral/src/ch32x035_pwr.o
 .debug_aranges
                0x0000000000000378       0x88 ./Peripheral/src/ch32x035_rcc.o
 .debug_aranges
                0x0000000000000400      0x310 ./Peripheral/src/ch32x035_tim.o
 .debug_aranges
                0x0000000000000710       0xf0 ./Peripheral/src/ch32x035_usart.o
 .debug_aranges
                0x0000000000000800       0x50 ./Debug/debug.o

.debug_rnglists
                0x0000000000000000      0x857
 .debug_rnglists
                0x0000000000000000       0x31 ./User/button.o
 .debug_rnglists
                0x0000000000000031       0x1f ./User/ch32x035_it.o
 .debug_rnglists
                0x0000000000000050       0x4c ./User/ch32x035_usbfs_device.o
 .debug_rnglists
                0x000000000000009c       0x16 ./User/main.o
 .debug_rnglists
                0x00000000000000b2       0x31 ./User/system_ch32x035.o
 .debug_rnglists
                0x00000000000000e3       0x82 ./User/usbd_compostie_km.o
 .debug_rnglists
                0x0000000000000165       0x20 ./Startup/startup_ch32x035.o
 .debug_rnglists
                0x0000000000000185       0x43 ./Peripheral/src/ch32x035_dbgmcu.o
 .debug_rnglists
                0x00000000000001c8       0x55 ./Peripheral/src/ch32x035_exti.o
 .debug_rnglists
                0x000000000000021d       0x9d ./Peripheral/src/ch32x035_gpio.o
 .debug_rnglists
                0x00000000000002ba       0x1f ./Peripheral/src/ch32x035_misc.o
 .debug_rnglists
                0x00000000000002d9       0x43 ./Peripheral/src/ch32x035_pwr.o
 .debug_rnglists
                0x000000000000031c       0x8b ./Peripheral/src/ch32x035_rcc.o
 .debug_rnglists
                0x00000000000003a7      0x364 ./Peripheral/src/ch32x035_tim.o
 .debug_rnglists
                0x000000000000070b      0x100 ./Peripheral/src/ch32x035_usart.o
 .debug_rnglists
                0x000000000000080b       0x4c ./Debug/debug.o

.debug_line     0x0000000000000000     0x70bb
 .debug_line    0x0000000000000000      0x28f ./User/button.o
 .debug_line    0x000000000000028f       0xaf ./User/ch32x035_it.o
 .debug_line    0x000000000000033e     0x1668 ./User/ch32x035_usbfs_device.o
 .debug_line    0x00000000000019a6      0x13e ./User/main.o
 .debug_line    0x0000000000001ae4      0x1aa ./User/system_ch32x035.o
 .debug_line    0x0000000000001c8e       0x51 ./User/usb_desc.o
 .debug_line    0x0000000000001cdf      0x649 ./User/usbd_compostie_km.o
 .debug_line    0x0000000000002328      0x222 ./Startup/startup_ch32x035.o
 .debug_line    0x000000000000254a      0x16c ./Peripheral/src/ch32x035_dbgmcu.o
 .debug_line    0x00000000000026b6      0x423 ./Peripheral/src/ch32x035_exti.o
 .debug_line    0x0000000000002ad9      0xbcb ./Peripheral/src/ch32x035_gpio.o
 .debug_line    0x00000000000036a4      0x1e5 ./Peripheral/src/ch32x035_misc.o
 .debug_line    0x0000000000003889      0x32f ./Peripheral/src/ch32x035_pwr.o
 .debug_line    0x0000000000003bb8      0x57f ./Peripheral/src/ch32x035_rcc.o
 .debug_line    0x0000000000004137     0x213a ./Peripheral/src/ch32x035_tim.o
 .debug_line    0x0000000000006271      0xaa2 ./Peripheral/src/ch32x035_usart.o
 .debug_line    0x0000000000006d13      0x3a8 ./Debug/debug.o

.debug_str      0x0000000000000000     0x2755
 .debug_str     0x0000000000000000      0x1f6 ./User/button.o
                                        0x25b (size before relaxing)
 .debug_str     0x00000000000001f6       0xd6 ./User/ch32x035_it.o
                                        0x25f (size before relaxing)
 .debug_str     0x00000000000002cc      0x92a ./User/ch32x035_usbfs_device.o
                                        0xb6d (size before relaxing)
 .debug_str     0x0000000000000bf6      0x117 ./User/main.o
                                        0x3d9 (size before relaxing)
 .debug_str     0x0000000000000d0d       0xad ./User/system_ch32x035.o
                                        0x29a (size before relaxing)
 .debug_str     0x0000000000000dba        0xa ./User/usb_desc.o
                                        0x1d2 (size before relaxing)
 .debug_str     0x0000000000000dc4      0x576 ./User/usbd_compostie_km.o
                                        0xd44 (size before relaxing)
 .debug_str     0x000000000000133a       0x64 ./Startup/startup_ch32x035.o
 .debug_str     0x000000000000139e       0x70 ./Peripheral/src/ch32x035_dbgmcu.o
                                        0x212 (size before relaxing)
 .debug_str     0x000000000000140e       0x84 ./Peripheral/src/ch32x035_exti.o
                                        0x35b (size before relaxing)
 .debug_str     0x0000000000001492      0x19c ./Peripheral/src/ch32x035_gpio.o
                                        0x51a (size before relaxing)
 .debug_str     0x000000000000162e       0x51 ./Peripheral/src/ch32x035_misc.o
                                        0x5df (size before relaxing)
 .debug_str     0x000000000000167f       0x9d ./Peripheral/src/ch32x035_pwr.o
                                        0x3aa (size before relaxing)
 .debug_str     0x000000000000171c      0x15f ./Peripheral/src/ch32x035_rcc.o
                                        0x41f (size before relaxing)
 .debug_str     0x000000000000187b      0xa91 ./Peripheral/src/ch32x035_tim.o
                                        0xf4f (size before relaxing)
 .debug_str     0x000000000000230c      0x3c6 ./Peripheral/src/ch32x035_usart.o
                                        0x6a6 (size before relaxing)
 .debug_str     0x00000000000026d2       0x83 ./Debug/debug.o
                                        0x4eb (size before relaxing)

.debug_line_str
                0x0000000000000000      0x680
 .debug_line_str
                0x0000000000000000      0x187 ./User/button.o
                                        0x1d3 (size before relaxing)
 .debug_line_str
                0x0000000000000187       0x5e ./User/ch32x035_it.o
                                        0x221 (size before relaxing)
 .debug_line_str
                0x00000000000001e5      0x27d ./User/ch32x035_usbfs_device.o
                                        0x4a7 (size before relaxing)
 .debug_line_str
                0x0000000000000462       0x4b ./User/main.o
                                        0x3d2 (size before relaxing)
 .debug_line_str
                0x00000000000004ad       0x1a ./User/system_ch32x035.o
                                        0x282 (size before relaxing)
 .debug_line_str
                0x00000000000004c7       0x13 ./User/usb_desc.o
                                        0x1db (size before relaxing)
 .debug_line_str
                0x00000000000004da       0x3b ./User/usbd_compostie_km.o
                                        0x431 (size before relaxing)
 .debug_line_str
                0x0000000000000515       0x1e ./Startup/startup_ch32x035.o
                                         0x6b (size before relaxing)
 .debug_line_str
                0x0000000000000533       0x36 ./Peripheral/src/ch32x035_dbgmcu.o
                                        0x241 (size before relaxing)
 .debug_line_str
                0x0000000000000569       0x22 ./Peripheral/src/ch32x035_exti.o
                                        0x29b (size before relaxing)
 .debug_line_str
                0x000000000000058b       0x22 ./Peripheral/src/ch32x035_gpio.o
                                        0x2aa (size before relaxing)
 .debug_line_str
                0x00000000000005ad       0x22 ./Peripheral/src/ch32x035_misc.o
                                        0x29b (size before relaxing)
 .debug_line_str
                0x00000000000005cf       0x21 ./Peripheral/src/ch32x035_pwr.o
                                        0x2ea (size before relaxing)
 .debug_line_str
                0x00000000000005f0       0x21 ./Peripheral/src/ch32x035_rcc.o
                                        0x297 (size before relaxing)
 .debug_line_str
                0x0000000000000611       0x21 ./Peripheral/src/ch32x035_tim.o
                                        0x2a6 (size before relaxing)
 .debug_line_str
                0x0000000000000632       0x34 ./Peripheral/src/ch32x035_usart.o
                                        0x2ae (size before relaxing)
 .debug_line_str
                0x0000000000000666       0x1a ./Debug/debug.o
                                        0x378 (size before relaxing)

.comment        0x0000000000000000       0x31
 .comment       0x0000000000000000       0x31 ./User/button.o
                                         0x32 (size before relaxing)
 .comment       0x0000000000000031       0x32 ./User/ch32x035_it.o
 .comment       0x0000000000000031       0x32 ./User/ch32x035_usbfs_device.o
 .comment       0x0000000000000031       0x32 ./User/main.o
 .comment       0x0000000000000031       0x32 ./User/system_ch32x035.o
 .comment       0x0000000000000031       0x32 ./User/usb_desc.o
 .comment       0x0000000000000031       0x32 ./User/usbd_compostie_km.o
 .comment       0x0000000000000031       0x32 ./Peripheral/src/ch32x035_dbgmcu.o
 .comment       0x0000000000000031       0x32 ./Peripheral/src/ch32x035_exti.o
 .comment       0x0000000000000031       0x32 ./Peripheral/src/ch32x035_gpio.o
 .comment       0x0000000000000031       0x32 ./Peripheral/src/ch32x035_misc.o
 .comment       0x0000000000000031       0x32 ./Peripheral/src/ch32x035_pwr.o
 .comment       0x0000000000000031       0x32 ./Peripheral/src/ch32x035_rcc.o
 .comment       0x0000000000000031       0x32 ./Peripheral/src/ch32x035_tim.o
 .comment       0x0000000000000031       0x32 ./Peripheral/src/ch32x035_usart.o
 .comment       0x0000000000000031       0x32 ./Debug/debug.o
 .comment       0x0000000000000031       0x32 e:/mounriver/mounriver_studio2/resources/app/resources/win32/components/wch/toolchain/risc-v embedded gcc12/bin/../lib/gcc/riscv-wch-elf/12.2.0/../../../../riscv-wch-elf/lib/rv32imac_xw/ilp32\libg_nano.a(lib_a-printf.o)
 .comment       0x0000000000000031       0x32 e:/mounriver/mounriver_studio2/resources/app/resources/win32/components/wch/toolchain/risc-v embedded gcc12/bin/../lib/gcc/riscv-wch-elf/12.2.0/../../../../riscv-wch-elf/lib/rv32imac_xw/ilp32\libg_nano.a(lib_a-puts.o)
 .comment       0x0000000000000031       0x32 e:/mounriver/mounriver_studio2/resources/app/resources/win32/components/wch/toolchain/risc-v embedded gcc12/bin/../lib/gcc/riscv-wch-elf/12.2.0/../../../../riscv-wch-elf/lib/rv32imac_xw/ilp32\libg_nano.a(lib_a-wbuf.o)
 .comment       0x0000000000000031       0x32 e:/mounriver/mounriver_studio2/resources/app/resources/win32/components/wch/toolchain/risc-v embedded gcc12/bin/../lib/gcc/riscv-wch-elf/12.2.0/../../../../riscv-wch-elf/lib/rv32imac_xw/ilp32\libg_nano.a(lib_a-wsetup.o)
 .comment       0x0000000000000031       0x32 e:/mounriver/mounriver_studio2/resources/app/resources/win32/components/wch/toolchain/risc-v embedded gcc12/bin/../lib/gcc/riscv-wch-elf/12.2.0/../../../../riscv-wch-elf/lib/rv32imac_xw/ilp32\libg_nano.a(lib_a-fflush.o)
 .comment       0x0000000000000031       0x32 e:/mounriver/mounriver_studio2/resources/app/resources/win32/components/wch/toolchain/risc-v embedded gcc12/bin/../lib/gcc/riscv-wch-elf/12.2.0/../../../../riscv-wch-elf/lib/rv32imac_xw/ilp32\libg_nano.a(lib_a-findfp.o)
 .comment       0x0000000000000031       0x32 e:/mounriver/mounriver_studio2/resources/app/resources/win32/components/wch/toolchain/risc-v embedded gcc12/bin/../lib/gcc/riscv-wch-elf/12.2.0/../../../../riscv-wch-elf/lib/rv32imac_xw/ilp32\libg_nano.a(lib_a-fwalk.o)
 .comment       0x0000000000000031       0x32 e:/mounriver/mounriver_studio2/resources/app/resources/win32/components/wch/toolchain/risc-v embedded gcc12/bin/../lib/gcc/riscv-wch-elf/12.2.0/../../../../riscv-wch-elf/lib/rv32imac_xw/ilp32\libg_nano.a(lib_a-impure.o)
 .comment       0x0000000000000031       0x32 e:/mounriver/mounriver_studio2/resources/app/resources/win32/components/wch/toolchain/risc-v embedded gcc12/bin/../lib/gcc/riscv-wch-elf/12.2.0/../../../../riscv-wch-elf/lib/rv32imac_xw/ilp32\libg_nano.a(lib_a-lock.o)
 .comment       0x0000000000000031       0x32 e:/mounriver/mounriver_studio2/resources/app/resources/win32/components/wch/toolchain/risc-v embedded gcc12/bin/../lib/gcc/riscv-wch-elf/12.2.0/../../../../riscv-wch-elf/lib/rv32imac_xw/ilp32\libg_nano.a(lib_a-makebuf.o)
 .comment       0x0000000000000031       0x32 e:/mounriver/mounriver_studio2/resources/app/resources/win32/components/wch/toolchain/risc-v embedded gcc12/bin/../lib/gcc/riscv-wch-elf/12.2.0/../../../../riscv-wch-elf/lib/rv32imac_xw/ilp32\libg_nano.a(lib_a-nano-freer.o)
 .comment       0x0000000000000031       0x32 e:/mounriver/mounriver_studio2/resources/app/resources/win32/components/wch/toolchain/risc-v embedded gcc12/bin/../lib/gcc/riscv-wch-elf/12.2.0/../../../../riscv-wch-elf/lib/rv32imac_xw/ilp32\libg_nano.a(lib_a-nano-mallocr.o)
 .comment       0x0000000000000031       0x32 e:/mounriver/mounriver_studio2/resources/app/resources/win32/components/wch/toolchain/risc-v embedded gcc12/bin/../lib/gcc/riscv-wch-elf/12.2.0/../../../../riscv-wch-elf/lib/rv32imac_xw/ilp32\libg_nano.a(lib_a-nano-vfprintf.o)
 .comment       0x0000000000000031       0x32 e:/mounriver/mounriver_studio2/resources/app/resources/win32/components/wch/toolchain/risc-v embedded gcc12/bin/../lib/gcc/riscv-wch-elf/12.2.0/../../../../riscv-wch-elf/lib/rv32imac_xw/ilp32\libg_nano.a(lib_a-sbrkr.o)
 .comment       0x0000000000000031       0x32 e:/mounriver/mounriver_studio2/resources/app/resources/win32/components/wch/toolchain/risc-v embedded gcc12/bin/../lib/gcc/riscv-wch-elf/12.2.0/../../../../riscv-wch-elf/lib/rv32imac_xw/ilp32\libg_nano.a(lib_a-stdio.o)
 .comment       0x0000000000000031       0x32 e:/mounriver/mounriver_studio2/resources/app/resources/win32/components/wch/toolchain/risc-v embedded gcc12/bin/../lib/gcc/riscv-wch-elf/12.2.0/../../../../riscv-wch-elf/lib/rv32imac_xw/ilp32\libg_nano.a(lib_a-writer.o)
 .comment       0x0000000000000031       0x32 e:/mounriver/mounriver_studio2/resources/app/resources/win32/components/wch/toolchain/risc-v embedded gcc12/bin/../lib/gcc/riscv-wch-elf/12.2.0/../../../../riscv-wch-elf/lib/rv32imac_xw/ilp32\libg_nano.a(lib_a-closer.o)
 .comment       0x0000000000000031       0x32 e:/mounriver/mounriver_studio2/resources/app/resources/win32/components/wch/toolchain/risc-v embedded gcc12/bin/../lib/gcc/riscv-wch-elf/12.2.0/../../../../riscv-wch-elf/lib/rv32imac_xw/ilp32\libg_nano.a(lib_a-fstatr.o)
 .comment       0x0000000000000031       0x32 e:/mounriver/mounriver_studio2/resources/app/resources/win32/components/wch/toolchain/risc-v embedded gcc12/bin/../lib/gcc/riscv-wch-elf/12.2.0/../../../../riscv-wch-elf/lib/rv32imac_xw/ilp32\libg_nano.a(lib_a-isattyr.o)
 .comment       0x0000000000000031       0x32 e:/mounriver/mounriver_studio2/resources/app/resources/win32/components/wch/toolchain/risc-v embedded gcc12/bin/../lib/gcc/riscv-wch-elf/12.2.0/../../../../riscv-wch-elf/lib/rv32imac_xw/ilp32\libg_nano.a(lib_a-lseekr.o)
 .comment       0x0000000000000031       0x32 e:/mounriver/mounriver_studio2/resources/app/resources/win32/components/wch/toolchain/risc-v embedded gcc12/bin/../lib/gcc/riscv-wch-elf/12.2.0/../../../../riscv-wch-elf/lib/rv32imac_xw/ilp32\libg_nano.a(lib_a-memchr.o)
 .comment       0x0000000000000031       0x32 e:/mounriver/mounriver_studio2/resources/app/resources/win32/components/wch/toolchain/risc-v embedded gcc12/bin/../lib/gcc/riscv-wch-elf/12.2.0/../../../../riscv-wch-elf/lib/rv32imac_xw/ilp32\libg_nano.a(lib_a-mlock.o)
 .comment       0x0000000000000031       0x32 e:/mounriver/mounriver_studio2/resources/app/resources/win32/components/wch/toolchain/risc-v embedded gcc12/bin/../lib/gcc/riscv-wch-elf/12.2.0/../../../../riscv-wch-elf/lib/rv32imac_xw/ilp32\libg_nano.a(lib_a-nano-vfprintf_i.o)
 .comment       0x0000000000000031       0x32 e:/mounriver/mounriver_studio2/resources/app/resources/win32/components/wch/toolchain/risc-v embedded gcc12/bin/../lib/gcc/riscv-wch-elf/12.2.0/../../../../riscv-wch-elf/lib/rv32imac_xw/ilp32\libg_nano.a(lib_a-readr.o)
 .comment       0x0000000000000031       0x32 e:/mounriver/mounriver_studio2/resources/app/resources/win32/components/wch/toolchain/risc-v embedded gcc12/bin/../lib/gcc/riscv-wch-elf/12.2.0/../../../../riscv-wch-elf/lib/rv32imac_xw/ilp32\libg_nano.a(lib_a-reent.o)
 .comment       0x0000000000000031       0x32 e:/mounriver/mounriver_studio2/resources/app/resources/win32/components/wch/toolchain/risc-v embedded gcc12/bin/../lib/gcc/riscv-wch-elf/12.2.0/../../../../riscv-wch-elf/lib/rv32imac_xw/ilp32\libnosys.a(close.o)
 .comment       0x0000000000000031       0x32 e:/mounriver/mounriver_studio2/resources/app/resources/win32/components/wch/toolchain/risc-v embedded gcc12/bin/../lib/gcc/riscv-wch-elf/12.2.0/../../../../riscv-wch-elf/lib/rv32imac_xw/ilp32\libnosys.a(fstat.o)
 .comment       0x0000000000000031       0x32 e:/mounriver/mounriver_studio2/resources/app/resources/win32/components/wch/toolchain/risc-v embedded gcc12/bin/../lib/gcc/riscv-wch-elf/12.2.0/../../../../riscv-wch-elf/lib/rv32imac_xw/ilp32\libnosys.a(isatty.o)
 .comment       0x0000000000000031       0x32 e:/mounriver/mounriver_studio2/resources/app/resources/win32/components/wch/toolchain/risc-v embedded gcc12/bin/../lib/gcc/riscv-wch-elf/12.2.0/../../../../riscv-wch-elf/lib/rv32imac_xw/ilp32\libnosys.a(lseek.o)
 .comment       0x0000000000000031       0x32 e:/mounriver/mounriver_studio2/resources/app/resources/win32/components/wch/toolchain/risc-v embedded gcc12/bin/../lib/gcc/riscv-wch-elf/12.2.0/../../../../riscv-wch-elf/lib/rv32imac_xw/ilp32\libnosys.a(read.o)

.riscv.attributes
                0x0000000000000000       0x3a
 .riscv.attributes
                0x0000000000000000       0x3a ./User/button.o
 .riscv.attributes
                0x000000000000003a       0x3a ./User/ch32x035_it.o
 .riscv.attributes
                0x0000000000000074       0x3a ./User/ch32x035_usbfs_device.o
 .riscv.attributes
                0x00000000000000ae       0x3a ./User/main.o
 .riscv.attributes
                0x00000000000000e8       0x3a ./User/system_ch32x035.o
 .riscv.attributes
                0x0000000000000122       0x3a ./User/usb_desc.o
 .riscv.attributes
                0x000000000000015c       0x3a ./User/usbd_compostie_km.o
 .riscv.attributes
                0x0000000000000196       0x38 ./Startup/startup_ch32x035.o
 .riscv.attributes
                0x00000000000001ce       0x3a ./Peripheral/src/ch32x035_dbgmcu.o
 .riscv.attributes
                0x0000000000000208       0x3a ./Peripheral/src/ch32x035_exti.o
 .riscv.attributes
                0x0000000000000242       0x3a ./Peripheral/src/ch32x035_gpio.o
 .riscv.attributes
                0x000000000000027c       0x3a ./Peripheral/src/ch32x035_misc.o
 .riscv.attributes
                0x00000000000002b6       0x3a ./Peripheral/src/ch32x035_pwr.o
 .riscv.attributes
                0x00000000000002f0       0x3a ./Peripheral/src/ch32x035_rcc.o
 .riscv.attributes
                0x000000000000032a       0x3a ./Peripheral/src/ch32x035_tim.o
 .riscv.attributes
                0x0000000000000364       0x3a ./Peripheral/src/ch32x035_usart.o
 .riscv.attributes
                0x000000000000039e       0x3a ./Debug/debug.o
 .riscv.attributes
                0x00000000000003d8       0x38 e:/mounriver/mounriver_studio2/resources/app/resources/win32/components/wch/toolchain/risc-v embedded gcc12/bin/../lib/gcc/riscv-wch-elf/12.2.0/../../../../riscv-wch-elf/lib/rv32imac_xw/ilp32\libg_nano.a(lib_a-memcpy-asm.o)
 .riscv.attributes
                0x0000000000000410       0x3a e:/mounriver/mounriver_studio2/resources/app/resources/win32/components/wch/toolchain/risc-v embedded gcc12/bin/../lib/gcc/riscv-wch-elf/12.2.0/../../../../riscv-wch-elf/lib/rv32imac_xw/ilp32\libg_nano.a(lib_a-printf.o)
 .riscv.attributes
                0x000000000000044a       0x3a e:/mounriver/mounriver_studio2/resources/app/resources/win32/components/wch/toolchain/risc-v embedded gcc12/bin/../lib/gcc/riscv-wch-elf/12.2.0/../../../../riscv-wch-elf/lib/rv32imac_xw/ilp32\libg_nano.a(lib_a-puts.o)
 .riscv.attributes
                0x0000000000000484       0x38 e:/mounriver/mounriver_studio2/resources/app/resources/win32/components/wch/toolchain/risc-v embedded gcc12/bin/../lib/gcc/riscv-wch-elf/12.2.0/../../../../riscv-wch-elf/lib/rv32imac_xw/ilp32\libg_nano.a(lib_a-strcmp.o)
 .riscv.attributes
                0x00000000000004bc       0x3a e:/mounriver/mounriver_studio2/resources/app/resources/win32/components/wch/toolchain/risc-v embedded gcc12/bin/../lib/gcc/riscv-wch-elf/12.2.0/../../../../riscv-wch-elf/lib/rv32imac_xw/ilp32\libg_nano.a(lib_a-wbuf.o)
 .riscv.attributes
                0x00000000000004f6       0x3a e:/mounriver/mounriver_studio2/resources/app/resources/win32/components/wch/toolchain/risc-v embedded gcc12/bin/../lib/gcc/riscv-wch-elf/12.2.0/../../../../riscv-wch-elf/lib/rv32imac_xw/ilp32\libg_nano.a(lib_a-wsetup.o)
 .riscv.attributes
                0x0000000000000530       0x3a e:/mounriver/mounriver_studio2/resources/app/resources/win32/components/wch/toolchain/risc-v embedded gcc12/bin/../lib/gcc/riscv-wch-elf/12.2.0/../../../../riscv-wch-elf/lib/rv32imac_xw/ilp32\libg_nano.a(lib_a-fflush.o)
 .riscv.attributes
                0x000000000000056a       0x3a e:/mounriver/mounriver_studio2/resources/app/resources/win32/components/wch/toolchain/risc-v embedded gcc12/bin/../lib/gcc/riscv-wch-elf/12.2.0/../../../../riscv-wch-elf/lib/rv32imac_xw/ilp32\libg_nano.a(lib_a-findfp.o)
 .riscv.attributes
                0x00000000000005a4       0x3a e:/mounriver/mounriver_studio2/resources/app/resources/win32/components/wch/toolchain/risc-v embedded gcc12/bin/../lib/gcc/riscv-wch-elf/12.2.0/../../../../riscv-wch-elf/lib/rv32imac_xw/ilp32\libg_nano.a(lib_a-fwalk.o)
 .riscv.attributes
                0x00000000000005de       0x3a e:/mounriver/mounriver_studio2/resources/app/resources/win32/components/wch/toolchain/risc-v embedded gcc12/bin/../lib/gcc/riscv-wch-elf/12.2.0/../../../../riscv-wch-elf/lib/rv32imac_xw/ilp32\libg_nano.a(lib_a-impure.o)
 .riscv.attributes
                0x0000000000000618       0x3a e:/mounriver/mounriver_studio2/resources/app/resources/win32/components/wch/toolchain/risc-v embedded gcc12/bin/../lib/gcc/riscv-wch-elf/12.2.0/../../../../riscv-wch-elf/lib/rv32imac_xw/ilp32\libg_nano.a(lib_a-lock.o)
 .riscv.attributes
                0x0000000000000652       0x3a e:/mounriver/mounriver_studio2/resources/app/resources/win32/components/wch/toolchain/risc-v embedded gcc12/bin/../lib/gcc/riscv-wch-elf/12.2.0/../../../../riscv-wch-elf/lib/rv32imac_xw/ilp32\libg_nano.a(lib_a-makebuf.o)
 .riscv.attributes
                0x000000000000068c       0x38 e:/mounriver/mounriver_studio2/resources/app/resources/win32/components/wch/toolchain/risc-v embedded gcc12/bin/../lib/gcc/riscv-wch-elf/12.2.0/../../../../riscv-wch-elf/lib/rv32imac_xw/ilp32\libg_nano.a(lib_a-memset.o)
 .riscv.attributes
                0x00000000000006c4       0x3a e:/mounriver/mounriver_studio2/resources/app/resources/win32/components/wch/toolchain/risc-v embedded gcc12/bin/../lib/gcc/riscv-wch-elf/12.2.0/../../../../riscv-wch-elf/lib/rv32imac_xw/ilp32\libg_nano.a(lib_a-nano-freer.o)
 .riscv.attributes
                0x00000000000006fe       0x3a e:/mounriver/mounriver_studio2/resources/app/resources/win32/components/wch/toolchain/risc-v embedded gcc12/bin/../lib/gcc/riscv-wch-elf/12.2.0/../../../../riscv-wch-elf/lib/rv32imac_xw/ilp32\libg_nano.a(lib_a-nano-mallocr.o)
 .riscv.attributes
                0x0000000000000738       0x3a e:/mounriver/mounriver_studio2/resources/app/resources/win32/components/wch/toolchain/risc-v embedded gcc12/bin/../lib/gcc/riscv-wch-elf/12.2.0/../../../../riscv-wch-elf/lib/rv32imac_xw/ilp32\libg_nano.a(lib_a-nano-vfprintf.o)
 .riscv.attributes
                0x0000000000000772       0x3a e:/mounriver/mounriver_studio2/resources/app/resources/win32/components/wch/toolchain/risc-v embedded gcc12/bin/../lib/gcc/riscv-wch-elf/12.2.0/../../../../riscv-wch-elf/lib/rv32imac_xw/ilp32\libg_nano.a(lib_a-sbrkr.o)
 .riscv.attributes
                0x00000000000007ac       0x3a e:/mounriver/mounriver_studio2/resources/app/resources/win32/components/wch/toolchain/risc-v embedded gcc12/bin/../lib/gcc/riscv-wch-elf/12.2.0/../../../../riscv-wch-elf/lib/rv32imac_xw/ilp32\libg_nano.a(lib_a-stdio.o)
 .riscv.attributes
                0x00000000000007e6       0x3a e:/mounriver/mounriver_studio2/resources/app/resources/win32/components/wch/toolchain/risc-v embedded gcc12/bin/../lib/gcc/riscv-wch-elf/12.2.0/../../../../riscv-wch-elf/lib/rv32imac_xw/ilp32\libg_nano.a(lib_a-writer.o)
 .riscv.attributes
                0x0000000000000820       0x3a e:/mounriver/mounriver_studio2/resources/app/resources/win32/components/wch/toolchain/risc-v embedded gcc12/bin/../lib/gcc/riscv-wch-elf/12.2.0/../../../../riscv-wch-elf/lib/rv32imac_xw/ilp32\libg_nano.a(lib_a-closer.o)
 .riscv.attributes
                0x000000000000085a       0x3a e:/mounriver/mounriver_studio2/resources/app/resources/win32/components/wch/toolchain/risc-v embedded gcc12/bin/../lib/gcc/riscv-wch-elf/12.2.0/../../../../riscv-wch-elf/lib/rv32imac_xw/ilp32\libg_nano.a(lib_a-fstatr.o)
 .riscv.attributes
                0x0000000000000894       0x3a e:/mounriver/mounriver_studio2/resources/app/resources/win32/components/wch/toolchain/risc-v embedded gcc12/bin/../lib/gcc/riscv-wch-elf/12.2.0/../../../../riscv-wch-elf/lib/rv32imac_xw/ilp32\libg_nano.a(lib_a-isattyr.o)
 .riscv.attributes
                0x00000000000008ce       0x3a e:/mounriver/mounriver_studio2/resources/app/resources/win32/components/wch/toolchain/risc-v embedded gcc12/bin/../lib/gcc/riscv-wch-elf/12.2.0/../../../../riscv-wch-elf/lib/rv32imac_xw/ilp32\libg_nano.a(lib_a-lseekr.o)
 .riscv.attributes
                0x0000000000000908       0x3a e:/mounriver/mounriver_studio2/resources/app/resources/win32/components/wch/toolchain/risc-v embedded gcc12/bin/../lib/gcc/riscv-wch-elf/12.2.0/../../../../riscv-wch-elf/lib/rv32imac_xw/ilp32\libg_nano.a(lib_a-memchr.o)
 .riscv.attributes
                0x0000000000000942       0x3a e:/mounriver/mounriver_studio2/resources/app/resources/win32/components/wch/toolchain/risc-v embedded gcc12/bin/../lib/gcc/riscv-wch-elf/12.2.0/../../../../riscv-wch-elf/lib/rv32imac_xw/ilp32\libg_nano.a(lib_a-mlock.o)
 .riscv.attributes
                0x000000000000097c       0x3a e:/mounriver/mounriver_studio2/resources/app/resources/win32/components/wch/toolchain/risc-v embedded gcc12/bin/../lib/gcc/riscv-wch-elf/12.2.0/../../../../riscv-wch-elf/lib/rv32imac_xw/ilp32\libg_nano.a(lib_a-nano-vfprintf_i.o)
 .riscv.attributes
                0x00000000000009b6       0x3a e:/mounriver/mounriver_studio2/resources/app/resources/win32/components/wch/toolchain/risc-v embedded gcc12/bin/../lib/gcc/riscv-wch-elf/12.2.0/../../../../riscv-wch-elf/lib/rv32imac_xw/ilp32\libg_nano.a(lib_a-readr.o)
 .riscv.attributes
                0x00000000000009f0       0x3a e:/mounriver/mounriver_studio2/resources/app/resources/win32/components/wch/toolchain/risc-v embedded gcc12/bin/../lib/gcc/riscv-wch-elf/12.2.0/../../../../riscv-wch-elf/lib/rv32imac_xw/ilp32\libg_nano.a(lib_a-reent.o)
 .riscv.attributes
                0x0000000000000a2a       0x3a e:/mounriver/mounriver_studio2/resources/app/resources/win32/components/wch/toolchain/risc-v embedded gcc12/bin/../lib/gcc/riscv-wch-elf/12.2.0/../../../../riscv-wch-elf/lib/rv32imac_xw/ilp32\libnosys.a(close.o)
 .riscv.attributes
                0x0000000000000a64       0x3a e:/mounriver/mounriver_studio2/resources/app/resources/win32/components/wch/toolchain/risc-v embedded gcc12/bin/../lib/gcc/riscv-wch-elf/12.2.0/../../../../riscv-wch-elf/lib/rv32imac_xw/ilp32\libnosys.a(fstat.o)
 .riscv.attributes
                0x0000000000000a9e       0x3a e:/mounriver/mounriver_studio2/resources/app/resources/win32/components/wch/toolchain/risc-v embedded gcc12/bin/../lib/gcc/riscv-wch-elf/12.2.0/../../../../riscv-wch-elf/lib/rv32imac_xw/ilp32\libnosys.a(isatty.o)
 .riscv.attributes
                0x0000000000000ad8       0x3a e:/mounriver/mounriver_studio2/resources/app/resources/win32/components/wch/toolchain/risc-v embedded gcc12/bin/../lib/gcc/riscv-wch-elf/12.2.0/../../../../riscv-wch-elf/lib/rv32imac_xw/ilp32\libnosys.a(lseek.o)
 .riscv.attributes
                0x0000000000000b12       0x3a e:/mounriver/mounriver_studio2/resources/app/resources/win32/components/wch/toolchain/risc-v embedded gcc12/bin/../lib/gcc/riscv-wch-elf/12.2.0/../../../../riscv-wch-elf/lib/rv32imac_xw/ilp32\libnosys.a(read.o)

.debug_frame    0x0000000000000000     0x1f3c
 .debug_frame   0x0000000000000000       0xa4 ./User/button.o
 .debug_frame   0x00000000000000a4       0x48 ./User/ch32x035_it.o
 .debug_frame   0x00000000000000ec      0x120 ./User/ch32x035_usbfs_device.o
 .debug_frame   0x000000000000020c       0x2c ./User/main.o
 .debug_frame   0x0000000000000238       0xa8 ./User/system_ch32x035.o
 .debug_frame   0x00000000000002e0      0x210 ./User/usbd_compostie_km.o
 .debug_frame   0x00000000000004f0       0xec ./Peripheral/src/ch32x035_dbgmcu.o
 .debug_frame   0x00000000000005dc      0x130 ./Peripheral/src/ch32x035_exti.o
 .debug_frame   0x000000000000070c      0x25c ./Peripheral/src/ch32x035_gpio.o
 .debug_frame   0x0000000000000968       0x58 ./Peripheral/src/ch32x035_misc.o
 .debug_frame   0x00000000000009c0       0xf0 ./Peripheral/src/ch32x035_pwr.o
 .debug_frame   0x0000000000000ab0      0x208 ./Peripheral/src/ch32x035_rcc.o
 .debug_frame   0x0000000000000cb8      0xd88 ./Peripheral/src/ch32x035_tim.o
 .debug_frame   0x0000000000001a40      0x3e4 ./Peripheral/src/ch32x035_usart.o
 .debug_frame   0x0000000000001e24      0x118 ./Debug/debug.o
